00:23:59 **** Incremental Build of configuration Debug for project SparrowCompass_bootloader ****
make -j16 all 
arm-none-eabi-gcc "../Core/Src/main.c" -mcpu=cortex-m3 -std=gnu11 -g3 -DDEBUG -DUSE_HAL_DRIVER -DSTM32L151xC -c -I../USB_DEVICE/App -I../USB_DEVICE/Target -I../Core/Inc -I../Drivers/STM32L1xx_HAL_Driver/Inc -I../Drivers/STM32L1xx_HAL_Driver/Inc/Legacy -I../Middlewares/ST/STM32_USB_Device_Library/Core/Inc -I../Drivers/CMSIS/Device/ST/STM32L1xx/Include -I../Drivers/CMSIS/Include -I../Middlewares/ST/STM32_USB_Device_Library/Class/DFU/Inc -O2 -ffunction-sections -fdata-sections -Wall -fstack-usage -fcyclomatic-complexity -MMD -MP -MF"Core/Src/main.d" -MT"Core/Src/main.o" --specs=nano.specs -mfloat-abi=soft -mthumb -o "Core/Src/main.o"
arm-none-eabi-gcc -o "SparrowCompass_bootloader.elf" @"objects.list"   -mcpu=cortex-m3 -T"C:\Users\Manue\Documents\SparrowCompass\Software\CubeIDE\SparrowCompass_bootloader\STM32L151CCTX_FLASH.ld" --specs=nosys.specs -Wl,-Map="SparrowCompass_bootloader.map" -Wl,--gc-sections -static --specs=nano.specs -mfloat-abi=soft -mthumb -Wl,--start-group -lc -lm -Wl,--end-group
Finished building target: SparrowCompass_bootloader.elf
 
arm-none-eabi-size  SparrowCompass_bootloader.elf 
arm-none-eabi-objdump -h -S SparrowCompass_bootloader.elf  > "SparrowCompass_bootloader.list"
   text	   data	    bss	    dec	    hex	filename
  15528	    220	   4796	  20544	   5040	SparrowCompass_bootloader.elf
Finished building: default.size.stdout
 
Finished building: SparrowCompass_bootloader.list
 

00:24:00 Build Finished. 0 errors, 0 warnings. (took 1s.476ms)

