../Drivers/STM32L1xx_HAL_Driver/Src/stm32l1xx_hal_dma.c:144:19:HAL_DMA_Init	4	static
../Drivers/STM32L1xx_HAL_Driver/Src/stm32l1xx_hal_dma.c:223:19:HAL_DMA_DeInit	4	static
../Drivers/STM32L1xx_HAL_Driver/Src/stm32l1xx_hal_dma.c:315:19:HAL_DMA_Start	16	static
../Drivers/STM32L1xx_HAL_Driver/Src/stm32l1xx_hal_dma.c:358:19:HAL_DMA_Start_IT	16	static
../Drivers/STM32L1xx_HAL_Driver/Src/stm32l1xx_hal_dma.c:413:19:HAL_DMA_Abort	0	static
../Drivers/STM32L1xx_HAL_Driver/Src/stm32l1xx_hal_dma.c:454:19:HAL_DMA_Abort_IT	8	static
../Drivers/STM32L1xx_HAL_Driver/Src/stm32l1xx_hal_dma.c:499:19:HAL_DMA_PollForTransfer	40	static
../Drivers/STM32L1xx_HAL_Driver/Src/stm32l1xx_hal_dma.c:600:6:HAL_DMA_IRQHandler	12	static
../Drivers/STM32L1xx_HAL_Driver/Src/stm32l1xx_hal_dma.c:697:19:HAL_DMA_RegisterCallback	0	static
../Drivers/STM32L1xx_HAL_Driver/Src/stm32l1xx_hal_dma.c:748:19:HAL_DMA_UnRegisterCallback	0	static
../Drivers/STM32L1xx_HAL_Driver/Src/stm32l1xx_hal_dma.c:826:22:HAL_DMA_GetState	0	static
../Drivers/STM32L1xx_HAL_Driver/Src/stm32l1xx_hal_dma.c:838:10:HAL_DMA_GetError	0	static
