../Drivers/STM32L1xx_HAL_Driver/Src/stm32l1xx_ll_usb.c:64:19:USB_CoreInit	8	static
../Drivers/STM32L1xx_HAL_Driver/Src/stm32l1xx_ll_usb.c:84:19:USB_EnableGlobalInt	0	static
../Drivers/STM32L1xx_HAL_Driver/Src/stm32l1xx_ll_usb.c:109:19:USB_DisableGlobalInt	0	static
../Drivers/STM32L1xx_HAL_Driver/Src/stm32l1xx_ll_usb.c:133:19:USB_SetCurrentMode	0	static
../Drivers/STM32L1xx_HAL_Driver/Src/stm32l1xx_ll_usb.c:154:19:USB_DevInit	16	static
../Drivers/STM32L1xx_HAL_Driver/Src/stm32l1xx_ll_usb.c:183:19:USB_FlushTxFifo	0	static
../Drivers/STM32L1xx_HAL_Driver/Src/stm32l1xx_ll_usb.c:202:19:USB_FlushRxFifo	0	static
../Drivers/STM32L1xx_HAL_Driver/Src/stm32l1xx_ll_usb.c:223:19:USB_ActivateEndpoint	16	static
../Drivers/STM32L1xx_HAL_Driver/Src/stm32l1xx_ll_usb.c:360:19:USB_DeactivateEndpoint	4	static
../Drivers/STM32L1xx_HAL_Driver/Src/stm32l1xx_ll_usb.c:419:19:USB_EPStartXfer	48	static
../Drivers/STM32L1xx_HAL_Driver/Src/stm32l1xx_ll_usb.c:633:19:USB_EPSetStall	0	static
../Drivers/STM32L1xx_HAL_Driver/Src/stm32l1xx_ll_usb.c:653:19:USB_EPClearStall	0	static
../Drivers/STM32L1xx_HAL_Driver/Src/stm32l1xx_ll_usb.c:682:19:USB_EPStopXfer	0	static
../Drivers/STM32L1xx_HAL_Driver/Src/stm32l1xx_ll_usb.c:727:19:USB_StopDevice	0	static
../Drivers/STM32L1xx_HAL_Driver/Src/stm32l1xx_ll_usb.c:748:20:USB_SetDevAddress	0	static
../Drivers/STM32L1xx_HAL_Driver/Src/stm32l1xx_ll_usb.c:764:20:USB_DevConnect	0	static
../Drivers/STM32L1xx_HAL_Driver/Src/stm32l1xx_ll_usb.c:782:20:USB_DevDisconnect	0	static
../Drivers/STM32L1xx_HAL_Driver/Src/stm32l1xx_ll_usb.c:800:10:USB_ReadInterrupts	0	static
../Drivers/STM32L1xx_HAL_Driver/Src/stm32l1xx_ll_usb.c:813:19:USB_ActivateRemoteWakeup	0	static
../Drivers/STM32L1xx_HAL_Driver/Src/stm32l1xx_ll_usb.c:825:19:USB_DeActivateRemoteWakeup	0	static
../Drivers/STM32L1xx_HAL_Driver/Src/stm32l1xx_ll_usb.c:840:6:USB_WritePMA	0	static
../Drivers/STM32L1xx_HAL_Driver/Src/stm32l1xx_ll_usb.c:875:6:USB_ReadPMA	16	static
