Archive member included to satisfy reference by file (symbol)

C:/ST/STM32CubeIDE_1.19.0/STM32CubeIDE/plugins/com.st.stm32cube.ide.mcu.externaltools.gnu-tools-for-stm32.13.3.rel1.win32_1.0.0.202411081344/tools/bin/../lib/gcc/arm-none-eabi/13.3.1/../../../../arm-none-eabi/lib/thumb/v7-m/nofp\libc_nano.a(libc_a-exit.o)
                              C:/ST/STM32CubeIDE_1.19.0/STM32CubeIDE/plugins/com.st.stm32cube.ide.mcu.externaltools.gnu-tools-for-stm32.13.3.rel1.win32_1.0.0.202411081344/tools/bin/../lib/gcc/arm-none-eabi/13.3.1/../../../../arm-none-eabi/lib/thumb/v7-m/nofp/crt0.o (exit)
C:/ST/STM32CubeIDE_1.19.0/STM32CubeIDE/plugins/com.st.stm32cube.ide.mcu.externaltools.gnu-tools-for-stm32.13.3.rel1.win32_1.0.0.202411081344/tools/bin/../lib/gcc/arm-none-eabi/13.3.1/../../../../arm-none-eabi/lib/thumb/v7-m/nofp\libc_nano.a(libc_a-findfp.o)
                              C:/ST/STM32CubeIDE_1.19.0/STM32CubeIDE/plugins/com.st.stm32cube.ide.mcu.externaltools.gnu-tools-for-stm32.13.3.rel1.win32_1.0.0.202411081344/tools/bin/../lib/gcc/arm-none-eabi/13.3.1/../../../../arm-none-eabi/lib/thumb/v7-m/nofp\libc_nano.a(libc_a-exit.o) (__stdio_exit_handler)
C:/ST/STM32CubeIDE_1.19.0/STM32CubeIDE/plugins/com.st.stm32cube.ide.mcu.externaltools.gnu-tools-for-stm32.13.3.rel1.win32_1.0.0.202411081344/tools/bin/../lib/gcc/arm-none-eabi/13.3.1/../../../../arm-none-eabi/lib/thumb/v7-m/nofp\libc_nano.a(libc_a-fwalk.o)
                              C:/ST/STM32CubeIDE_1.19.0/STM32CubeIDE/plugins/com.st.stm32cube.ide.mcu.externaltools.gnu-tools-for-stm32.13.3.rel1.win32_1.0.0.202411081344/tools/bin/../lib/gcc/arm-none-eabi/13.3.1/../../../../arm-none-eabi/lib/thumb/v7-m/nofp\libc_nano.a(libc_a-findfp.o) (_fwalk_sglue)
C:/ST/STM32CubeIDE_1.19.0/STM32CubeIDE/plugins/com.st.stm32cube.ide.mcu.externaltools.gnu-tools-for-stm32.13.3.rel1.win32_1.0.0.202411081344/tools/bin/../lib/gcc/arm-none-eabi/13.3.1/../../../../arm-none-eabi/lib/thumb/v7-m/nofp\libc_nano.a(libc_a-stdio.o)
                              C:/ST/STM32CubeIDE_1.19.0/STM32CubeIDE/plugins/com.st.stm32cube.ide.mcu.externaltools.gnu-tools-for-stm32.13.3.rel1.win32_1.0.0.202411081344/tools/bin/../lib/gcc/arm-none-eabi/13.3.1/../../../../arm-none-eabi/lib/thumb/v7-m/nofp\libc_nano.a(libc_a-findfp.o) (__sread)
C:/ST/STM32CubeIDE_1.19.0/STM32CubeIDE/plugins/com.st.stm32cube.ide.mcu.externaltools.gnu-tools-for-stm32.13.3.rel1.win32_1.0.0.202411081344/tools/bin/../lib/gcc/arm-none-eabi/13.3.1/../../../../arm-none-eabi/lib/thumb/v7-m/nofp\libc_nano.a(libc_a-memset.o)
                              C:/ST/STM32CubeIDE_1.19.0/STM32CubeIDE/plugins/com.st.stm32cube.ide.mcu.externaltools.gnu-tools-for-stm32.13.3.rel1.win32_1.0.0.202411081344/tools/bin/../lib/gcc/arm-none-eabi/13.3.1/../../../../arm-none-eabi/lib/thumb/v7-m/nofp/crt0.o (memset)
C:/ST/STM32CubeIDE_1.19.0/STM32CubeIDE/plugins/com.st.stm32cube.ide.mcu.externaltools.gnu-tools-for-stm32.13.3.rel1.win32_1.0.0.202411081344/tools/bin/../lib/gcc/arm-none-eabi/13.3.1/../../../../arm-none-eabi/lib/thumb/v7-m/nofp\libc_nano.a(libc_a-closer.o)
                              C:/ST/STM32CubeIDE_1.19.0/STM32CubeIDE/plugins/com.st.stm32cube.ide.mcu.externaltools.gnu-tools-for-stm32.13.3.rel1.win32_1.0.0.202411081344/tools/bin/../lib/gcc/arm-none-eabi/13.3.1/../../../../arm-none-eabi/lib/thumb/v7-m/nofp\libc_nano.a(libc_a-stdio.o) (_close_r)
C:/ST/STM32CubeIDE_1.19.0/STM32CubeIDE/plugins/com.st.stm32cube.ide.mcu.externaltools.gnu-tools-for-stm32.13.3.rel1.win32_1.0.0.202411081344/tools/bin/../lib/gcc/arm-none-eabi/13.3.1/../../../../arm-none-eabi/lib/thumb/v7-m/nofp\libc_nano.a(libc_a-reent.o)
                              C:/ST/STM32CubeIDE_1.19.0/STM32CubeIDE/plugins/com.st.stm32cube.ide.mcu.externaltools.gnu-tools-for-stm32.13.3.rel1.win32_1.0.0.202411081344/tools/bin/../lib/gcc/arm-none-eabi/13.3.1/../../../../arm-none-eabi/lib/thumb/v7-m/nofp\libc_nano.a(libc_a-closer.o) (errno)
C:/ST/STM32CubeIDE_1.19.0/STM32CubeIDE/plugins/com.st.stm32cube.ide.mcu.externaltools.gnu-tools-for-stm32.13.3.rel1.win32_1.0.0.202411081344/tools/bin/../lib/gcc/arm-none-eabi/13.3.1/../../../../arm-none-eabi/lib/thumb/v7-m/nofp\libc_nano.a(libc_a-impure.o)
                              C:/ST/STM32CubeIDE_1.19.0/STM32CubeIDE/plugins/com.st.stm32cube.ide.mcu.externaltools.gnu-tools-for-stm32.13.3.rel1.win32_1.0.0.202411081344/tools/bin/../lib/gcc/arm-none-eabi/13.3.1/../../../../arm-none-eabi/lib/thumb/v7-m/nofp\libc_nano.a(libc_a-reent.o) (_impure_ptr)
C:/ST/STM32CubeIDE_1.19.0/STM32CubeIDE/plugins/com.st.stm32cube.ide.mcu.externaltools.gnu-tools-for-stm32.13.3.rel1.win32_1.0.0.202411081344/tools/bin/../lib/gcc/arm-none-eabi/13.3.1/../../../../arm-none-eabi/lib/thumb/v7-m/nofp\libc_nano.a(libc_a-lseekr.o)
[...]
Memory Configuration

Name             Origin             Length             Attributes
RAM              0x20000000         0x00008000         xrw
FLASH            0x08000000         0x00008000         xr
*default*        0x00000000         0xffffffff

Linker script and memory map

LOAD C:/ST/STM32CubeIDE_1.19.0/STM32CubeIDE/plugins/com.st.stm32cube.ide.mcu.externaltools.gnu-tools-for-stm32.13.3.rel1.win32_1.0.0.202411081344/tools/bin/../lib/gcc/arm-none-eabi/13.3.1/thumb/v7-m/nofp/crti.o
LOAD C:/ST/STM32CubeIDE_1.19.0/STM32CubeIDE/plugins/com.st.stm32cube.ide.mcu.externaltools.gnu-tools-for-stm32.13.3.rel1.win32_1.0.0.202411081344/tools/bin/../lib/gcc/arm-none-eabi/13.3.1/thumb/v7-m/nofp/crtbegin.o
LOAD C:/ST/STM32CubeIDE_1.19.0/STM32CubeIDE/plugins/com.st.stm32cube.ide.mcu.externaltools.gnu-tools-for-stm32.13.3.rel1.win32_1.0.0.202411081344/tools/bin/../lib/gcc/arm-none-eabi/13.3.1/../../../../arm-none-eabi/lib/thumb/v7-m/nofp/crt0.o
LOAD ./Core/Src/main.o
LOAD ./Core/Src/stm32l1xx_hal_msp.o
LOAD ./Core/Src/stm32l1xx_it.o
LOAD ./Core/Src/syscalls.o
LOAD ./Core/Src/sysmem.o
LOAD ./Core/Src/system_stm32l1xx.o
LOAD ./Core/Startup/startup_stm32l151cctx.o
LOAD ./Drivers/STM32L1xx_HAL_Driver/Src/stm32l1xx_hal.o
LOAD ./Drivers/STM32L1xx_HAL_Driver/Src/stm32l1xx_hal_cortex.o
LOAD ./Drivers/STM32L1xx_HAL_Driver/Src/stm32l1xx_hal_dma.o
LOAD ./Drivers/STM32L1xx_HAL_Driver/Src/stm32l1xx_hal_exti.o
LOAD ./Drivers/STM32L1xx_HAL_Driver/Src/stm32l1xx_hal_flash.o
LOAD ./Drivers/STM32L1xx_HAL_Driver/Src/stm32l1xx_hal_flash_ex.o
LOAD ./Drivers/STM32L1xx_HAL_Driver/Src/stm32l1xx_hal_flash_ramfunc.o
LOAD ./Drivers/STM32L1xx_HAL_Driver/Src/stm32l1xx_hal_gpio.o
LOAD ./Drivers/STM32L1xx_HAL_Driver/Src/stm32l1xx_hal_pcd.o
LOAD ./Drivers/STM32L1xx_HAL_Driver/Src/stm32l1xx_hal_pcd_ex.o
LOAD ./Drivers/STM32L1xx_HAL_Driver/Src/stm32l1xx_hal_pwr.o
LOAD ./Drivers/STM32L1xx_HAL_Driver/Src/stm32l1xx_hal_pwr_ex.o
LOAD ./Drivers/STM32L1xx_HAL_Driver/Src/stm32l1xx_hal_rcc.o
LOAD ./Drivers/STM32L1xx_HAL_Driver/Src/stm32l1xx_hal_rcc_ex.o
LOAD ./Drivers/STM32L1xx_HAL_Driver/Src/stm32l1xx_ll_usb.o
LOAD ./Middlewares/ST/STM32_USB_Device_Library/Class/DFU/Src/usbd_dfu.o
LOAD ./Middlewares/ST/STM32_USB_Device_Library/Core/Src/usbd_core.o
LOAD ./Middlewares/ST/STM32_USB_Device_Library/Core/Src/usbd_ctlreq.o
LOAD ./Middlewares/ST/STM32_USB_Device_Library/Core/Src/usbd_ioreq.o
LOAD ./USB_DEVICE/App/usb_device.o
LOAD ./USB_DEVICE/App/usbd_desc.o
LOAD ./USB_DEVICE/App/usbd_dfu_if.o
LOAD ./USB_DEVICE/Target/usbd_conf.o
START GROUP
LOAD C:/ST/STM32CubeIDE_1.19.0/STM32CubeIDE/plugins/com.st.stm32cube.ide.mcu.externaltools.gnu-tools-for-stm32.13.3.rel1.win32_1.0.0.202411081344/tools/bin/../lib/gcc/arm-none-eabi/13.3.1/../../../../arm-none-eabi/lib/thumb/v7-m/nofp\libc_nano.a
LOAD C:/ST/STM32CubeIDE_1.19.0/STM32CubeIDE/plugins/com.st.stm32cube.ide.mcu.externaltools.gnu-tools-for-stm32.13.3.rel1.win32_1.0.0.202411081344/tools/bin/../lib/gcc/arm-none-eabi/13.3.1/../../../../arm-none-eabi/lib/thumb/v7-m/nofp\libm.a
END GROUP
START GROUP
LOAD C:/ST/STM32CubeIDE_1.19.0/STM32CubeIDE/plugins/com.st.stm32cube.ide.mcu.externaltools.gnu-tools-for-stm32.13.3.rel1.win32_1.0.0.202411081344/tools/bin/../lib/gcc/arm-none-eabi/13.3.1/thumb/v7-m/nofp\libgcc.a
LOAD C:/ST/STM32CubeIDE_1.19.0/STM32CubeIDE/plugins/com.st.stm32cube.ide.mcu.externaltools.gnu-tools-for-stm32.13.3.rel1.win32_1.0.0.202411081344/tools/bin/../lib/gcc/arm-none-eabi/13.3.1/../../../../arm-none-eabi/lib/thumb/v7-m/nofp\libc_nano.a
END GROUP
START GROUP
LOAD C:/ST/STM32CubeIDE_1.19.0/STM32CubeIDE/plugins/com.st.stm32cube.ide.mcu.externaltools.gnu-tools-for-stm32.13.3.rel1.win32_1.0.0.202411081344/tools/bin/../lib/gcc/arm-none-eabi/13.3.1/thumb/v7-m/nofp\libgcc.a
LOAD C:/ST/STM32CubeIDE_1.19.0/STM32CubeIDE/plugins/com.st.stm32cube.ide.mcu.externaltools.gnu-tools-for-stm32.13.3.rel1.win32_1.0.0.202411081344/tools/bin/../lib/gcc/arm-none-eabi/13.3.1/../../../../arm-none-eabi/lib/thumb/v7-m/nofp\libc_nano.a
LOAD C:/ST/STM32CubeIDE_1.19.0/STM32CubeIDE/plugins/com.st.stm32cube.ide.mcu.externaltools.gnu-tools-for-stm32.13.3.rel1.win32_1.0.0.202411081344/tools/bin/../lib/gcc/arm-none-eabi/13.3.1/../../../../arm-none-eabi/lib/thumb/v7-m/nofp\libnosys.a
END GROUP
START GROUP
LOAD C:/ST/STM32CubeIDE_1.19.0/STM32CubeIDE/plugins/com.st.stm32cube.ide.mcu.externaltools.gnu-tools-for-stm32.13.3.rel1.win32_1.0.0.202411081344/tools/bin/../lib/gcc/arm-none-eabi/13.3.1/thumb/v7-m/nofp\libgcc.a
LOAD C:/ST/STM32CubeIDE_1.19.0/STM32CubeIDE/plugins/com.st.stm32cube.ide.mcu.externaltools.gnu-tools-for-stm32.13.3.rel1.win32_1.0.0.202411081344/tools/bin/../lib/gcc/arm-none-eabi/13.3.1/../../../../arm-none-eabi/lib/thumb/v7-m/nofp\libc_nano.a
LOAD C:/ST/STM32CubeIDE_1.19.0/STM32CubeIDE/plugins/com.st.stm32cube.ide.mcu.externaltools.gnu-tools-for-stm32.13.3.rel1.win32_1.0.0.202411081344/tools/bin/../lib/gcc/arm-none-eabi/13.3.1/../../../../arm-none-eabi/lib/thumb/v7-m/nofp\libnosys.a
END GROUP
LOAD C:/ST/STM32CubeIDE_1.19.0/STM32CubeIDE/plugins/com.st.stm32cube.ide.mcu.externaltools.gnu-tools-for-stm32.13.3.rel1.win32_1.0.0.202411081344/tools/bin/../lib/gcc/arm-none-eabi/13.3.1/thumb/v7-m/nofp/crtend.o
LOAD C:/ST/STM32CubeIDE_1.19.0/STM32CubeIDE/plugins/com.st.stm32cube.ide.mcu.externaltools.gnu-tools-for-stm32.13.3.rel1.win32_1.0.0.202411081344/tools/bin/../lib/gcc/arm-none-eabi/13.3.1/thumb/v7-m/nofp/crtn.o
                0x20007ff8                        _bflag = ((ORIGIN (RAM) + LENGTH (RAM)) - 0x8)
                0x20007ff8                        _estack = _bflag
                0x00000200                        _Min_Heap_Size = 0x200
                0x00000400                        _Min_Stack_Size = 0x400

.isr_vector     0x08000000      0x13c
                0x08000000                        . = ALIGN (0x4)
 *(.isr_vector)
 .isr_vector    0x08000000      0x13c ./Core/Startup/startup_stm32l151cctx.o
                0x08000000                g_pfnVectors
                0x0800013c                        . = ALIGN (0x4)

.text           0x0800013c     0x3a94
                0x0800013c                        . = ALIGN (0x4)
 *(.text)
 .text          0x0800013c       0x40 C:/ST/STM32CubeIDE_1.19.0/STM32CubeIDE/plugins/com.st.stm32cube.ide.mcu.externaltools.gnu-tools-for-stm32.13.3.rel1.win32_1.0.0.202411081344/tools/bin/../lib/gcc/arm-none-eabi/13.3.1/thumb/v7-m/nofp/crtbegin.o
 .text          0x0800017c       0x10 C:/ST/STM32CubeIDE_1.19.0/STM32CubeIDE/plugins/com.st.stm32cube.ide.mcu.externaltools.gnu-tools-for-stm32.13.3.rel1.win32_1.0.0.202411081344/tools/bin/../lib/gcc/arm-none-eabi/13.3.1/../../../../arm-none-eabi/lib/thumb/v7-m/nofp\libc_nano.a(libc_a-strlen.o)
                0x0800017c                strlen
 .text          0x0800018c       0x30 C:/ST/STM32CubeIDE_1.19.0/STM32CubeIDE/plugins/com.st.stm32cube.ide.mcu.externaltools.gnu-tools-for-stm32.13.3.rel1.win32_1.0.0.202411081344/tools/bin/../lib/gcc/arm-none-eabi/13.3.1/thumb/v7-m/nofp\libgcc.a(_aeabi_uldivmod.o)
                0x0800018c                __aeabi_uldivmod
 .text          0x080001bc      0x300 C:/ST/STM32CubeIDE_1.19.0/STM32CubeIDE/plugins/com.st.stm32cube.ide.mcu.externaltools.gnu-tools-for-stm32.13.3.rel1.win32_1.0.0.202411081344/tools/bin/../lib/gcc/arm-none-eabi/13.3.1/thumb/v7-m/nofp\libgcc.a(_udivmoddi4.o)
                0x080001bc                __udivmoddi4
 .text          0x080004bc        0x4 C:/ST/STM32CubeIDE_1.19.0/STM32CubeIDE/plugins/com.st.stm32cube.ide.mcu.externaltools.gnu-tools-for-stm32.13.3.rel1.win32_1.0.0.202411081344/tools/bin/../lib/gcc/arm-none-eabi/13.3.1/thumb/v7-m/nofp\libgcc.a(_dvmd_tls.o)
                0x080004bc                __aeabi_idiv0
                0x080004bc                __aeabi_ldiv0
 *(.text*)
 .text.SystemClock_Config
                0x080004c0       0x78 ./Core/Src/main.o
                0x080004c0                SystemClock_Config
 .text.startup.main
                0x08000538       0xfc ./Core/Src/main.o
                0x08000538                main
 .text.Error_Handler
                0x08000634        0x4 ./Core/Src/main.o
                0x08000634                Error_Handler
 .text.HAL_MspInit
                0x08000638       0x44 ./Core/Src/stm32l1xx_hal_msp.o
                0x08000638                HAL_MspInit
 .text.NMI_Handler
                0x0800067c        0x4 ./Core/Src/stm32l1xx_it.o
                0x0800067c                NMI_Handler
 .text.HardFault_Handler
                0x08000680        0x4 ./Core/Src/stm32l1xx_it.o
                0x08000680                HardFault_Handler
 .text.MemManage_Handler
                0x08000684        0x4 ./Core/Src/stm32l1xx_it.o
                0x08000684                MemManage_Handler
 .text.BusFault_Handler
                0x08000688        0x4 ./Core/Src/stm32l1xx_it.o
                0x08000688                BusFault_Handler
 .text.UsageFault_Handler
                0x0800068c        0x4 ./Core/Src/stm32l1xx_it.o
                0x0800068c                UsageFault_Handler
 .text.SVC_Handler
                0x08000690        0x4 ./Core/Src/stm32l1xx_it.o
                0x08000690                SVC_Handler
 .text.DebugMon_Handler
                0x08000694        0x4 ./Core/Src/stm32l1xx_it.o
                0x08000694                DebugMon_Handler
 .text.PendSV_Handler
                0x08000698        0x4 ./Core/Src/stm32l1xx_it.o
                0x08000698                PendSV_Handler
 .text.SysTick_Handler
                0x0800069c        0x4 ./Core/Src/stm32l1xx_it.o
                0x0800069c                SysTick_Handler
 .text.USB_LP_IRQHandler
                0x080006a0        0xc ./Core/Src/stm32l1xx_it.o
                0x080006a0                USB_LP_IRQHandler
 .text.SystemInit
                0x080006ac        0x4 ./Core/Src/system_stm32l1xx.o
                0x080006ac                SystemInit
 .text.Reset_Handler
                0x080006b0       0x48 ./Core/Startup/startup_stm32l151cctx.o
                0x080006b0                Reset_Handler
 .text.Default_Handler
                0x080006f8        0x2 ./Core/Startup/startup_stm32l151cctx.o
                0x080006f8                RTC_Alarm_IRQHandler
                0x080006f8                EXTI2_IRQHandler
                0x080006f8                COMP_ACQ_IRQHandler
                0x080006f8                TIM10_IRQHandler
                0x080006f8                USB_HP_IRQHandler
                0x080006f8                TIM6_IRQHandler
                0x080006f8                PVD_IRQHandler
                0x080006f8                EXTI3_IRQHandler
                0x080006f8                EXTI0_IRQHandler
                0x080006f8                I2C2_EV_IRQHandler
                0x080006f8                SPI1_IRQHandler
                0x080006f8                USB_FS_WKUP_IRQHandler
                0x080006f8                DMA2_Channel2_IRQHandler
                0x080006f8                DMA1_Channel4_IRQHandler
                0x080006f8                ADC1_IRQHandler
                0x080006f8                USART3_IRQHandler
                0x080006f8                DMA1_Channel7_IRQHandler
                0x080006f8                TIM4_IRQHandler
                0x080006f8                DMA2_Channel1_IRQHandler
                0x080006f8                I2C1_EV_IRQHandler
                0x080006f8                DMA1_Channel6_IRQHandler
                0x080006f8                DMA2_Channel4_IRQHandler
                0x080006f8                TIM3_IRQHandler
                0x080006f8                RCC_IRQHandler
                0x080006f8                DMA1_Channel1_IRQHandler
                0x080006f8                Default_Handler
                0x080006f8                EXTI15_10_IRQHandler
                0x080006f8                TIM7_IRQHandler
                0x080006f8                TIM5_IRQHandler
                0x080006f8                EXTI9_5_IRQHandler
                0x080006f8                TIM9_IRQHandler
                0x080006f8                TAMPER_STAMP_IRQHandler
                0x080006f8                RTC_WKUP_IRQHandler
                0x080006f8                SPI2_IRQHandler
                0x080006f8                DMA2_Channel5_IRQHandler
                0x080006f8                DMA1_Channel5_IRQHandler
                0x080006f8                EXTI4_IRQHandler
                0x080006f8                DMA1_Channel3_IRQHandler
                0x080006f8                COMP_IRQHandler
                0x080006f8                WWDG_IRQHandler
                0x080006f8                TIM2_IRQHandler
                0x080006f8                DAC_IRQHandler
                0x080006f8                EXTI1_IRQHandler
                0x080006f8                TIM11_IRQHandler
                0x080006f8                USART2_IRQHandler
                0x080006f8                I2C2_ER_IRQHandler
                0x080006f8                DMA1_Channel2_IRQHandler
                0x080006f8                FLASH_IRQHandler
                0x080006f8                USART1_IRQHandler
                0x080006f8                SPI3_IRQHandler
                0x080006f8                I2C1_ER_IRQHandler
                0x080006f8                DMA2_Channel3_IRQHandler
 *fill*         0x080006fa        0x2 
 .text.HAL_InitTick
                0x080006fc       0x4c ./Drivers/STM32L1xx_HAL_Driver/Src/stm32l1xx_hal.o
                0x080006fc                HAL_InitTick
 .text.HAL_Init
                0x08000748       0x20 ./Drivers/STM32L1xx_HAL_Driver/Src/stm32l1xx_hal.o
                0x08000748                HAL_Init
 .text.HAL_IncTick
                0x08000768       0x18 ./Drivers/STM32L1xx_HAL_Driver/Src/stm32l1xx_hal.o
                0x08000768                HAL_IncTick
 .text.HAL_GetTick
                0x08000780        0xc ./Drivers/STM32L1xx_HAL_Driver/Src/stm32l1xx_hal.o
                0x08000780                HAL_GetTick
 .text.HAL_Delay
                0x0800078c       0x24 ./Drivers/STM32L1xx_HAL_Driver/Src/stm32l1xx_hal.o
                0x0800078c                HAL_Delay
 .text.HAL_NVIC_SetPriorityGrouping
                0x080007b0       0x24 ./Drivers/STM32L1xx_HAL_Driver/Src/stm32l1xx_hal_cortex.o
                0x080007b0                HAL_NVIC_SetPriorityGrouping
 .text.HAL_NVIC_SetPriority
                0x080007d4       0x78 ./Drivers/STM32L1xx_HAL_Driver/Src/stm32l1xx_hal_cortex.o
                0x080007d4                HAL_NVIC_SetPriority
 .text.HAL_NVIC_EnableIRQ
                0x0800084c       0x1c ./Drivers/STM32L1xx_HAL_Driver/Src/stm32l1xx_hal_cortex.o
                0x0800084c                HAL_NVIC_EnableIRQ
 .text.HAL_SYSTICK_Config
                0x08000868       0x30 ./Drivers/STM32L1xx_HAL_Driver/Src/stm32l1xx_hal_cortex.o
                0x08000868                HAL_SYSTICK_Config
 .text.HAL_GPIO_Init
                0x08000898      0x210 ./Drivers/STM32L1xx_HAL_Driver/Src/stm32l1xx_hal_gpio.o
                0x08000898                HAL_GPIO_Init
 .text.HAL_GPIO_WritePin
                0x08000aa8        0x8 ./Drivers/STM32L1xx_HAL_Driver/Src/stm32l1xx_hal_gpio.o
                0x08000aa8                HAL_GPIO_WritePin
 .text.HAL_PCD_Init
                0x08000ab0       0x8c ./Drivers/STM32L1xx_HAL_Driver/Src/stm32l1xx_hal_pcd.o
                0x08000ab0                HAL_PCD_Init
 .text.HAL_PCD_Start
                0x08000b3c       0x34 ./Drivers/STM32L1xx_HAL_Driver/Src/stm32l1xx_hal_pcd.o
                0x08000b3c                HAL_PCD_Start
 .text.HAL_PCD_Stop
                0x08000b70       0x34 ./Drivers/STM32L1xx_HAL_Driver/Src/stm32l1xx_hal_pcd.o
                0x08000b70                HAL_PCD_Stop
 .text.HAL_PCD_IRQHandler
                0x08000ba4      0xb6c ./Drivers/STM32L1xx_HAL_Driver/Src/stm32l1xx_hal_pcd.o
                0x08000ba4                HAL_PCD_IRQHandler
 .text.HAL_PCD_SetAddress
                0x08001710       0x28 ./Drivers/STM32L1xx_HAL_Driver/Src/stm32l1xx_hal_pcd.o
                0x08001710                HAL_PCD_SetAddress
 .text.HAL_PCD_EP_Open
                0x08001738       0x70 ./Drivers/STM32L1xx_HAL_Driver/Src/stm32l1xx_hal_pcd.o
                0x08001738                HAL_PCD_EP_Open
 .text.HAL_PCD_EP_Receive
                0x080017a8       0x30 ./Drivers/STM32L1xx_HAL_Driver/Src/stm32l1xx_hal_pcd.o
                0x080017a8                HAL_PCD_EP_Receive
 .text.HAL_PCD_EP_Transmit
                0x080017d8       0x3c ./Drivers/STM32L1xx_HAL_Driver/Src/stm32l1xx_hal_pcd.o
                0x080017d8                HAL_PCD_EP_Transmit
 .text.HAL_PCD_EP_SetStall
                0x08001814       0x70 ./Drivers/STM32L1xx_HAL_Driver/Src/stm32l1xx_hal_pcd.o
                0x08001814                HAL_PCD_EP_SetStall
 .text.HAL_PCD_EP_ClrStall
                0x08001884       0x70 ./Drivers/STM32L1xx_HAL_Driver/Src/stm32l1xx_hal_pcd.o
                0x08001884                HAL_PCD_EP_ClrStall
 .text.HAL_PCDEx_PMAConfig
                0x080018f4       0x3c ./Drivers/STM32L1xx_HAL_Driver/Src/stm32l1xx_hal_pcd_ex.o
                0x080018f4                HAL_PCDEx_PMAConfig
 .text.RCC_SetFlashLatencyFromMSIRange
                0x08001930       0x84 ./Drivers/STM32L1xx_HAL_Driver/Src/stm32l1xx_hal_rcc.o
 .text.HAL_RCC_OscConfig
                0x080019b4      0x4cc ./Drivers/STM32L1xx_HAL_Driver/Src/stm32l1xx_hal_rcc.o
                0x080019b4                HAL_RCC_OscConfig
 .text.HAL_RCC_GetSysClockFreq
                0x08001e80       0x84 ./Drivers/STM32L1xx_HAL_Driver/Src/stm32l1xx_hal_rcc.o
                0x08001e80                HAL_RCC_GetSysClockFreq
 .text.HAL_RCC_ClockConfig
                0x08001f04      0x180 ./Drivers/STM32L1xx_HAL_Driver/Src/stm32l1xx_hal_rcc.o
                0x08001f04                HAL_RCC_ClockConfig
 .text.USB_EnableGlobalInt
                0x08002084       0x14 ./Drivers/STM32L1xx_HAL_Driver/Src/stm32l1xx_ll_usb.o
                0x08002084                USB_EnableGlobalInt
 .text.USB_DisableGlobalInt
                0x08002098       0x14 ./Drivers/STM32L1xx_HAL_Driver/Src/stm32l1xx_ll_usb.o
                0x08002098                USB_DisableGlobalInt
 .text.USB_DevInit
                0x080020ac       0x2c ./Drivers/STM32L1xx_HAL_Driver/Src/stm32l1xx_ll_usb.o
                0x080020ac                USB_DevInit
 .text.USB_ActivateEndpoint
                0x080020d8      0x46c ./Drivers/STM32L1xx_HAL_Driver/Src/stm32l1xx_ll_usb.o
                0x080020d8                USB_ActivateEndpoint
 .text.USB_EPStartXfer
                0x08002544      0x35c ./Drivers/STM32L1xx_HAL_Driver/Src/stm32l1xx_ll_usb.o
                0x08002544                USB_EPStartXfer
 .text.USB_EPSetStall
                0x080028a0       0x50 ./Drivers/STM32L1xx_HAL_Driver/Src/stm32l1xx_ll_usb.o
                0x080028a0                USB_EPSetStall
 .text.USB_EPClearStall
                0x080028f0       0x9c ./Drivers/STM32L1xx_HAL_Driver/Src/stm32l1xx_ll_usb.o
                0x080028f0                USB_EPClearStall
 .text.USB_SetDevAddress
                0x0800298c        0xc ./Drivers/STM32L1xx_HAL_Driver/Src/stm32l1xx_ll_usb.o
                0x0800298c                USB_SetDevAddress
 .text.USB_DevConnect
                0x08002998        0x4 ./Drivers/STM32L1xx_HAL_Driver/Src/stm32l1xx_ll_usb.o
                0x08002998                USB_DevConnect
 .text.USB_DevDisconnect
                0x0800299c        0x4 ./Drivers/STM32L1xx_HAL_Driver/Src/stm32l1xx_ll_usb.o
                0x0800299c                USB_DevDisconnect
 .text.USB_ReadInterrupts
                0x080029a0        0x8 ./Drivers/STM32L1xx_HAL_Driver/Src/stm32l1xx_ll_usb.o
                0x080029a0                USB_ReadInterrupts
 .text.USB_WritePMA
                0x080029a8       0x20 ./Drivers/STM32L1xx_HAL_Driver/Src/stm32l1xx_ll_usb.o
                0x080029a8                USB_WritePMA
 .text.USB_ReadPMA
                0x080029c8       0x44 ./Drivers/STM32L1xx_HAL_Driver/Src/stm32l1xx_ll_usb.o
                0x080029c8                USB_ReadPMA
 .text.USBD_DFU_GetCfgDesc
                0x08002a0c       0x10 ./Middlewares/ST/STM32_USB_Device_Library/Class/DFU/Src/usbd_dfu.o
 .text.USBD_DFU_DataIn
                0x08002a1c        0x4 ./Middlewares/ST/STM32_USB_Device_Library/Class/DFU/Src/usbd_dfu.o
 .text.USBD_DFU_EP0_RxReady
                0x08002a20        0x4 ./Middlewares/ST/STM32_USB_Device_Library/Class/DFU/Src/usbd_dfu.o
 .text.USBD_DFU_GetDeviceQualifierDesc
                0x08002a24       0x10 ./Middlewares/ST/STM32_USB_Device_Library/Class/DFU/Src/usbd_dfu.o
 .text.USBD_DFU_EP0_TxReady
                0x08002a34      0x120 ./Middlewares/ST/STM32_USB_Device_Library/Class/DFU/Src/usbd_dfu.o
 .text.USBD_DFU_DeInit
                0x08002b54       0x38 ./Middlewares/ST/STM32_USB_Device_Library/Class/DFU/Src/usbd_dfu.o
 .text.USBD_DFU_Init
                0x08002b8c       0x50 ./Middlewares/ST/STM32_USB_Device_Library/Class/DFU/Src/usbd_dfu.o
 .text.USBD_DFU_IsoOutIncomplete
                0x08002bdc        0x4 ./Middlewares/ST/STM32_USB_Device_Library/Class/DFU/Src/usbd_dfu.o
 .text.USBD_DFU_GetUsrStringDesc
                0x08002be0       0x20 ./Middlewares/ST/STM32_USB_Device_Library/Class/DFU/Src/usbd_dfu.o
 .text.USBD_DFU_Setup
                0x08002c00      0x334 ./Middlewares/ST/STM32_USB_Device_Library/Class/DFU/Src/usbd_dfu.o
 .text.USBD_DFU_DataOut
                0x08002f34        0x4 ./Middlewares/ST/STM32_USB_Device_Library/Class/DFU/Src/usbd_dfu.o
 .text.USBD_DFU_IsoINIncomplete
                0x08002f38        0x4 ./Middlewares/ST/STM32_USB_Device_Library/Class/DFU/Src/usbd_dfu.o
 .text.USBD_DFU_SOF
                0x08002f3c        0x4 ./Middlewares/ST/STM32_USB_Device_Library/Class/DFU/Src/usbd_dfu.o
 .text.USBD_DFU_RegisterMedia
                0x08002f40        0xc ./Middlewares/ST/STM32_USB_Device_Library/Class/DFU/Src/usbd_dfu.o
                0x08002f40                USBD_DFU_RegisterMedia
 .text.USBD_Init
                0x08002f4c       0x2c ./Middlewares/ST/STM32_USB_Device_Library/Core/Src/usbd_core.o
                0x08002f4c                USBD_Init
 .text.USBD_RegisterClass
                0x08002f78       0x10 ./Middlewares/ST/STM32_USB_Device_Library/Core/Src/usbd_core.o
                0x08002f78                USBD_RegisterClass
 .text.USBD_Start
                0x08002f88        0xc ./Middlewares/ST/STM32_USB_Device_Library/Core/Src/usbd_core.o
                0x08002f88                USBD_Start
 .text.USBD_Stop
                0x08002f94       0x18 ./Middlewares/ST/STM32_USB_Device_Library/Core/Src/usbd_core.o
                0x08002f94                USBD_Stop
 .text.USBD_SetClassConfig
                0x08002fac       0x1c ./Middlewares/ST/STM32_USB_Device_Library/Core/Src/usbd_core.o
                0x08002fac                USBD_SetClassConfig
 .text.USBD_ClrClassConfig
                0x08002fc8       0x10 ./Middlewares/ST/STM32_USB_Device_Library/Core/Src/usbd_core.o
                0x08002fc8                USBD_ClrClassConfig
 .text.USBD_LL_SetupStage
                0x08002fd8       0x60 ./Middlewares/ST/STM32_USB_Device_Library/Core/Src/usbd_core.o
                0x08002fd8                USBD_LL_SetupStage
 .text.USBD_LL_DataOutStage
                0x08003038       0x74 ./Middlewares/ST/STM32_USB_Device_Library/Core/Src/usbd_core.o
                0x08003038                USBD_LL_DataOutStage
 .text.USBD_LL_DataInStage
                0x080030ac       0xc0 ./Middlewares/ST/STM32_USB_Device_Library/Core/Src/usbd_core.o
                0x080030ac                USBD_LL_DataInStage
 .text.USBD_LL_Reset
                0x0800316c       0x50 ./Middlewares/ST/STM32_USB_Device_Library/Core/Src/usbd_core.o
                0x0800316c                USBD_LL_Reset
 .text.USBD_LL_SetSpeed
                0x080031bc        0x8 ./Middlewares/ST/STM32_USB_Device_Library/Core/Src/usbd_core.o
                0x080031bc                USBD_LL_SetSpeed
 .text.USBD_LL_Suspend
                0x080031c4       0x14 ./Middlewares/ST/STM32_USB_Device_Library/Core/Src/usbd_core.o
                0x080031c4                USBD_LL_Suspend
 .text.USBD_LL_Resume
                0x080031d8       0x10 ./Middlewares/ST/STM32_USB_Device_Library/Core/Src/usbd_core.o
                0x080031d8                USBD_LL_Resume
 .text.USBD_LL_SOF
                0x080031e8       0x1c ./Middlewares/ST/STM32_USB_Device_Library/Core/Src/usbd_core.o
                0x080031e8                USBD_LL_SOF
 .text.USBD_StdDevReq
                0x08003204      0x300 ./Middlewares/ST/STM32_USB_Device_Library/Core/Src/usbd_ctlreq.o
                0x08003204                USBD_StdDevReq
 .text.USBD_StdItfReq
                0x08003504       0x68 ./Middlewares/ST/STM32_USB_Device_Library/Core/Src/usbd_ctlreq.o
                0x08003504                USBD_StdItfReq
 .text.USBD_StdEPReq
                0x0800356c      0x134 ./Middlewares/ST/STM32_USB_Device_Library/Core/Src/usbd_ctlreq.o
                0x0800356c                USBD_StdEPReq
 .text.USBD_ParseSetupRequest
                0x080036a0       0x18 ./Middlewares/ST/STM32_USB_Device_Library/Core/Src/usbd_ctlreq.o
                0x080036a0                USBD_ParseSetupRequest
 .text.USBD_CtlError
                0x080036b8       0x18 ./Middlewares/ST/STM32_USB_Device_Library/Core/Src/usbd_ctlreq.o
                0x080036b8                USBD_CtlError
 .text.USBD_GetString
                0x080036d0       0x50 ./Middlewares/ST/STM32_USB_Device_Library/Core/Src/usbd_ctlreq.o
                0x080036d0                USBD_GetString
 .text.USBD_CtlSendData
                0x08003720       0x1c ./Middlewares/ST/STM32_USB_Device_Library/Core/Src/usbd_ioreq.o
                0x08003720                USBD_CtlSendData
 .text.USBD_CtlContinueSendData
                0x0800373c       0x14 ./Middlewares/ST/STM32_USB_Device_Library/Core/Src/usbd_ioreq.o
                0x0800373c                USBD_CtlContinueSendData
 .text.USBD_CtlPrepareRx
                0x08003750       0x1c ./Middlewares/ST/STM32_USB_Device_Library/Core/Src/usbd_ioreq.o
                0x08003750                USBD_CtlPrepareRx
 .text.USBD_CtlContinueRx
                0x0800376c       0x14 ./Middlewares/ST/STM32_USB_Device_Library/Core/Src/usbd_ioreq.o
                0x0800376c                USBD_CtlContinueRx
 .text.USBD_CtlSendStatus
                0x08003780       0x18 ./Middlewares/ST/STM32_USB_Device_Library/Core/Src/usbd_ioreq.o
                0x08003780                USBD_CtlSendStatus
 .text.USBD_CtlReceiveStatus
                0x08003798       0x18 ./Middlewares/ST/STM32_USB_Device_Library/Core/Src/usbd_ioreq.o
                0x08003798                USBD_CtlReceiveStatus
 .text.MX_USB_DEVICE_Init
                0x080037b0       0x74 ./USB_DEVICE/App/usb_device.o
                0x080037b0                MX_USB_DEVICE_Init
 .text.USBD_FS_DeviceDescriptor
                0x08003824        0xc ./USB_DEVICE/App/usbd_desc.o
                0x08003824                USBD_FS_DeviceDescriptor
 .text.USBD_FS_LangIDStrDescriptor
                0x08003830        0xc ./USB_DEVICE/App/usbd_desc.o
                0x08003830                USBD_FS_LangIDStrDescriptor
 .text.USBD_FS_ManufacturerStrDescriptor
                0x0800383c       0x1c ./USB_DEVICE/App/usbd_desc.o
                0x0800383c                USBD_FS_ManufacturerStrDescriptor
 .text.USBD_FS_ProductStrDescriptor
                0x08003858       0x1c ./USB_DEVICE/App/usbd_desc.o
                0x08003858                USBD_FS_ProductStrDescriptor
 .text.USBD_FS_ConfigStrDescriptor
                0x08003874       0x1c ./USB_DEVICE/App/usbd_desc.o
                0x08003874                USBD_FS_ConfigStrDescriptor
 .text.USBD_FS_InterfaceStrDescriptor
                0x08003890       0x1c ./USB_DEVICE/App/usbd_desc.o
                0x08003890                USBD_FS_InterfaceStrDescriptor
 .text.USBD_FS_SerialStrDescriptor
                0x080038ac       0x78 ./USB_DEVICE/App/usbd_desc.o
                0x080038ac                USBD_FS_SerialStrDescriptor
 .text.MEM_If_Init_FS
                0x08003924        0x4 ./USB_DEVICE/App/usbd_dfu_if.o
 .text.MEM_If_Erase_FS
                0x08003928        0x4 ./USB_DEVICE/App/usbd_dfu_if.o
 .text.MEM_If_Write_FS
                0x0800392c        0x4 ./USB_DEVICE/App/usbd_dfu_if.o
 .text.MEM_If_Read_FS
                0x08003930        0x4 ./USB_DEVICE/App/usbd_dfu_if.o
 .text.MEM_If_GetStatus_FS
                0x08003934        0x4 ./USB_DEVICE/App/usbd_dfu_if.o
 .text.MEM_If_DeInit_FS
                0x08003938        0x4 ./USB_DEVICE/App/usbd_dfu_if.o
 .text.HAL_PCDEx_SetConnectionState
                0x0800393c       0x18 ./USB_DEVICE/Target/usbd_conf.o
                0x0800393c                HAL_PCDEx_SetConnectionState
 .text.HAL_PCD_MspInit
                0x08003954       0x40 ./USB_DEVICE/Target/usbd_conf.o
                0x08003954                HAL_PCD_MspInit
 .text.HAL_PCD_SetupStageCallback
                0x08003994       0x10 ./USB_DEVICE/Target/usbd_conf.o
                0x08003994                HAL_PCD_SetupStageCallback
 .text.HAL_PCD_DataOutStageCallback
                0x080039a4       0x14 ./USB_DEVICE/Target/usbd_conf.o
                0x080039a4                HAL_PCD_DataOutStageCallback
 .text.HAL_PCD_DataInStageCallback
                0x080039b8       0x14 ./USB_DEVICE/Target/usbd_conf.o
                0x080039b8                HAL_PCD_DataInStageCallback
 .text.HAL_PCD_SOFCallback
                0x080039cc        0x8 ./USB_DEVICE/Target/usbd_conf.o
                0x080039cc                HAL_PCD_SOFCallback
 .text.HAL_PCD_ResetCallback
                0x080039d4       0x24 ./USB_DEVICE/Target/usbd_conf.o
                0x080039d4                HAL_PCD_ResetCallback
 .text.HAL_PCD_SuspendCallback
                0x080039f8       0x20 ./USB_DEVICE/Target/usbd_conf.o
                0x080039f8                HAL_PCD_SuspendCallback
 .text.HAL_PCD_ResumeCallback
                0x08003a18        0x8 ./USB_DEVICE/Target/usbd_conf.o
                0x08003a18                HAL_PCD_ResumeCallback
 .text.USBD_LL_Init
                0x08003a20       0x58 ./USB_DEVICE/Target/usbd_conf.o
                0x08003a20                USBD_LL_Init
 .text.USBD_LL_Start
                0x08003a78       0x18 ./USB_DEVICE/Target/usbd_conf.o
                0x08003a78                USBD_LL_Start
 .text.USBD_LL_Stop
                0x08003a90       0x18 ./USB_DEVICE/Target/usbd_conf.o
                0x08003a90                USBD_LL_Stop
 .text.USBD_LL_OpenEP
                0x08003aa8       0x1c ./USB_DEVICE/Target/usbd_conf.o
                0x08003aa8                USBD_LL_OpenEP
 .text.USBD_LL_StallEP
                0x08003ac4       0x18 ./USB_DEVICE/Target/usbd_conf.o
                0x08003ac4                USBD_LL_StallEP
 .text.USBD_LL_ClearStallEP
                0x08003adc       0x18 ./USB_DEVICE/Target/usbd_conf.o
                0x08003adc                USBD_LL_ClearStallEP
 .text.USBD_LL_IsStallEP
                0x08003af4       0x28 ./USB_DEVICE/Target/usbd_conf.o
                0x08003af4                USBD_LL_IsStallEP
 .text.USBD_LL_SetUSBAddress
                0x08003b1c       0x18 ./USB_DEVICE/Target/usbd_conf.o
                0x08003b1c                USBD_LL_SetUSBAddress
 .text.USBD_LL_Transmit
                0x08003b34       0x18 ./USB_DEVICE/Target/usbd_conf.o
                0x08003b34                USBD_LL_Transmit
 .text.USBD_LL_PrepareReceive
                0x08003b4c       0x18 ./USB_DEVICE/Target/usbd_conf.o
                0x08003b4c                USBD_LL_PrepareReceive
 .text.USBD_static_malloc
                0x08003b64        0x8 ./USB_DEVICE/Target/usbd_conf.o
                0x08003b64                USBD_static_malloc
 .text.USBD_static_free
                0x08003b6c        0x4 ./USB_DEVICE/Target/usbd_conf.o
                0x08003b6c                USBD_static_free
 .text.__libc_init_array
                0x08003b70       0x48 C:/ST/STM32CubeIDE_1.19.0/STM32CubeIDE/plugins/com.st.stm32cube.ide.mcu.externaltools.gnu-tools-for-stm32.13.3.rel1.win32_1.0.0.202411081344/tools/bin/../lib/gcc/arm-none-eabi/13.3.1/../../../../arm-none-eabi/lib/thumb/v7-m/nofp\libc_nano.a(libc_a-init.o)
                0x08003b70                __libc_init_array
 *(.glue_7)
 .glue_7        0x08003bb8        0x0 linker stubs
 *(.glue_7t)
 .glue_7t       0x08003bb8        0x0 linker stubs
 *(.eh_frame)
 .eh_frame      0x08003bb8        0x0 C:/ST/STM32CubeIDE_1.19.0/STM32CubeIDE/plugins/com.st.stm32cube.ide.mcu.externaltools.gnu-tools-for-stm32.13.3.rel1.win32_1.0.0.202411081344/tools/bin/../lib/gcc/arm-none-eabi/13.3.1/thumb/v7-m/nofp/crtbegin.o
 *(.init)
 .init          0x08003bb8        0x4 C:/ST/STM32CubeIDE_1.19.0/STM32CubeIDE/plugins/com.st.stm32cube.ide.mcu.externaltools.gnu-tools-for-stm32.13.3.rel1.win32_1.0.0.202411081344/tools/bin/../lib/gcc/arm-none-eabi/13.3.1/thumb/v7-m/nofp/crti.o
                0x08003bb8                _init
 .init          0x08003bbc        0x8 C:/ST/STM32CubeIDE_1.19.0/STM32CubeIDE/plugins/com.st.stm32cube.ide.mcu.externaltools.gnu-tools-for-stm32.13.3.rel1.win32_1.0.0.202411081344/tools/bin/../lib/gcc/arm-none-eabi/13.3.1/thumb/v7-m/nofp/crtn.o
 *(.fini)
 .fini          0x08003bc4        0x4 C:/ST/STM32CubeIDE_1.19.0/STM32CubeIDE/plugins/com.st.stm32cube.ide.mcu.externaltools.gnu-tools-for-stm32.13.3.rel1.win32_1.0.0.202411081344/tools/bin/../lib/gcc/arm-none-eabi/13.3.1/thumb/v7-m/nofp/crti.o
                0x08003bc4                _fini
 .fini          0x08003bc8        0x8 C:/ST/STM32CubeIDE_1.19.0/STM32CubeIDE/plugins/com.st.stm32cube.ide.mcu.externaltools.gnu-tools-for-stm32.13.3.rel1.win32_1.0.0.202411081344/tools/bin/../lib/gcc/arm-none-eabi/13.3.1/thumb/v7-m/nofp/crtn.o
                0x08003bd0                        . = ALIGN (0x4)
                0x08003bd0                        _etext = .

.vfp11_veneer   0x08003bd0        0x0
 .vfp11_veneer  0x08003bd0        0x0 linker stubs

.v4_bx          0x08003bd0        0x0
 .v4_bx         0x08003bd0        0x0 linker stubs

.iplt           0x08003bd0        0x0
 .iplt          0x08003bd0        0x0 C:/ST/STM32CubeIDE_1.19.0/STM32CubeIDE/plugins/com.st.stm32cube.ide.mcu.externaltools.gnu-tools-for-stm32.13.3.rel1.win32_1.0.0.202411081344/tools/bin/../lib/gcc/arm-none-eabi/13.3.1/thumb/v7-m/nofp/crtbegin.o

.rodata         0x08003bd0       0xc8
                0x08003bd0                        . = ALIGN (0x4)
 *(.rodata)
 *(.rodata*)
 .rodata.AHBPrescTable
                0x08003bd0       0x10 ./Core/Src/system_stm32l1xx.o
                0x08003bd0                AHBPrescTable
 .rodata.PLLMulTable
                0x08003be0        0x9 ./Core/Src/system_stm32l1xx.o
                0x08003be0                PLLMulTable
 *fill*         0x08003be9        0x3 
 .rodata.USBD_FS_ManufacturerStrDescriptor.str1.4
                0x08003bec       0xa9 ./USB_DEVICE/App/usbd_desc.o
                                 0x10 (size before relaxing)
 .rodata.USBD_FS_ProductStrDescriptor.str1.4
                0x08003c95       0x1f ./USB_DEVICE/App/usbd_desc.o
 .rodata.USBD_FS_ConfigStrDescriptor.str1.4
                0x08003c95        0xb ./USB_DEVICE/App/usbd_desc.o
 .rodata.USBD_FS_InterfaceStrDescriptor.str1.4
                0x08003c95        0xe ./USB_DEVICE/App/usbd_desc.o
 .rodata.str1.4
                0x08003c95       0x5d ./USB_DEVICE/App/usbd_dfu_if.o
                0x08003cf4                        . = ALIGN (0x4)
 *fill*         0x08003c95        0x3 

.ARM.extab      0x08003c98        0x0
                0x08003c98                        . = ALIGN (0x4)
 *(.ARM.extab* .gnu.linkonce.armextab.*)
                0x08003c98                        . = ALIGN (0x4)

.ARM            0x08003c98        0x8
                0x08003c98                        . = ALIGN (0x4)
                0x08003c98                        __exidx_start = .
 *(.ARM.exidx*)
 .ARM.exidx     0x08003c98        0x8 C:/ST/STM32CubeIDE_1.19.0/STM32CubeIDE/plugins/com.st.stm32cube.ide.mcu.externaltools.gnu-tools-for-stm32.13.3.rel1.win32_1.0.0.202411081344/tools/bin/../lib/gcc/arm-none-eabi/13.3.1/../../../../arm-none-eabi/lib/thumb/v7-m/nofp\libc_nano.a(libc_a-strlen.o)
 .ARM.exidx     0x08003ca0        0x0 C:/ST/STM32CubeIDE_1.19.0/STM32CubeIDE/plugins/com.st.stm32cube.ide.mcu.externaltools.gnu-tools-for-stm32.13.3.rel1.win32_1.0.0.202411081344/tools/bin/../lib/gcc/arm-none-eabi/13.3.1/thumb/v7-m/nofp\libgcc.a(_udivmoddi4.o)
                                  0x8 (size before relaxing)
                0x08003ca0                        __exidx_end = .
                0x08003ca0                        . = ALIGN (0x4)

.preinit_array  0x08003ca0        0x0
                0x08003ca0                        . = ALIGN (0x4)
                0x08003ca0                        PROVIDE (__preinit_array_start = .)
 *(.preinit_array*)
                0x08003ca0                        PROVIDE (__preinit_array_end = .)
                0x08003ca0                        . = ALIGN (0x4)

.init_array     0x08003ca0        0x4
                0x08003ca0                        . = ALIGN (0x4)
                0x08003ca0                        PROVIDE (__init_array_start = .)
 *(SORT_BY_NAME(.init_array.*))
 *(.init_array*)
 .init_array    0x08003ca0        0x4 C:/ST/STM32CubeIDE_1.19.0/STM32CubeIDE/plugins/com.st.stm32cube.ide.mcu.externaltools.gnu-tools-for-stm32.13.3.rel1.win32_1.0.0.202411081344/tools/bin/../lib/gcc/arm-none-eabi/13.3.1/thumb/v7-m/nofp/crtbegin.o
                0x08003ca4                        PROVIDE (__init_array_end = .)
                0x08003ca4                        . = ALIGN (0x4)

.fini_array     0x08003ca4        0x4
                0x08003ca4                        . = ALIGN (0x4)
                [!provide]                        PROVIDE (__fini_array_start = .)
 *(SORT_BY_NAME(.fini_array.*))
 *(.fini_array*)
 .fini_array    0x08003ca4        0x4 C:/ST/STM32CubeIDE_1.19.0/STM32CubeIDE/plugins/com.st.stm32cube.ide.mcu.externaltools.gnu-tools-for-stm32.13.3.rel1.win32_1.0.0.202411081344/tools/bin/../lib/gcc/arm-none-eabi/13.3.1/thumb/v7-m/nofp/crtbegin.o
                [!provide]                        PROVIDE (__fini_array_end = .)
                0x08003ca8                        . = ALIGN (0x4)
                0x08003ca8                        _sidata = LOADADDR (.data)

.rel.dyn        0x08003ca8        0x0
 .rel.iplt      0x08003ca8        0x0 C:/ST/STM32CubeIDE_1.19.0/STM32CubeIDE/plugins/com.st.stm32cube.ide.mcu.externaltools.gnu-tools-for-stm32.13.3.rel1.win32_1.0.0.202411081344/tools/bin/../lib/gcc/arm-none-eabi/13.3.1/thumb/v7-m/nofp/crtbegin.o

.data           0x20000000       0xdc load address 0x08003ca8
                0x20000000                        . = ALIGN (0x4)
                0x20000000                        _sdata = .
 *(.data)
 *(.data*)
 .data.SystemCoreClock
                0x20000000        0x4 ./Core/Src/system_stm32l1xx.o
                0x20000000                SystemCoreClock
 .data.uwTickFreq
                0x20000004        0x4 ./Drivers/STM32L1xx_HAL_Driver/Src/stm32l1xx_hal.o
                0x20000004                uwTickFreq
 .data.uwTickPrio
                0x20000008        0x4 ./Drivers/STM32L1xx_HAL_Driver/Src/stm32l1xx_hal.o
                0x20000008                uwTickPrio
 .data.USBD_DFU_DeviceQualifierDesc
                0x2000000c        0xa ./Middlewares/ST/STM32_USB_Device_Library/Class/DFU/Src/usbd_dfu.o
 *fill*         0x20000016        0x2 
 .data.USBD_DFU_CfgDesc
                0x20000018       0x1b ./Middlewares/ST/STM32_USB_Device_Library/Class/DFU/Src/usbd_dfu.o
 *fill*         0x20000033        0x1 
 .data.USBD_DFU
                0x20000034       0x3c ./Middlewares/ST/STM32_USB_Device_Library/Class/DFU/Src/usbd_dfu.o
                0x20000034                USBD_DFU
 .data.USBD_StringSerial
                0x20000070       0x1a ./USB_DEVICE/App/usbd_desc.o
                0x20000070                USBD_StringSerial
 *fill*         0x2000008a        0x2 
 .data.USBD_LangIDDesc
                0x2000008c        0x4 ./USB_DEVICE/App/usbd_desc.o
                0x2000008c                USBD_LangIDDesc
 .data.USBD_FS_DeviceDesc
                0x20000090       0x12 ./USB_DEVICE/App/usbd_desc.o
                0x20000090                USBD_FS_DeviceDesc
 *fill*         0x200000a2        0x2 
 .data.FS_Desc  0x200000a4       0x1c ./USB_DEVICE/App/usbd_desc.o
                0x200000a4                FS_Desc
 .data.USBD_DFU_fops_FS
                0x200000c0       0x1c ./USB_DEVICE/App/usbd_dfu_if.o
                0x200000c0                USBD_DFU_fops_FS
 *(.RamFunc)
 *(.RamFunc*)
                0x200000dc                        . = ALIGN (0x4)
                0x200000dc                        _edata = .

.igot.plt       0x200000dc        0x0 load address 0x08003d84
 .igot.plt      0x200000dc        0x0 C:/ST/STM32CubeIDE_1.19.0/STM32CubeIDE/plugins/com.st.stm32cube.ide.mcu.externaltools.gnu-tools-for-stm32.13.3.rel1.win32_1.0.0.202411081344/tools/bin/../lib/gcc/arm-none-eabi/13.3.1/thumb/v7-m/nofp/crtbegin.o
                0x200000dc                        . = ALIGN (0x4)

.bss            0x200000dc      0xcbc load address 0x08003d84
                0x200000dc                        _sbss = .
                0x200000dc                        __bss_start__ = _sbss
 *(.bss)
 .bss           0x200000dc       0x1c C:/ST/STM32CubeIDE_1.19.0/STM32CubeIDE/plugins/com.st.stm32cube.ide.mcu.externaltools.gnu-tools-for-stm32.13.3.rel1.win32_1.0.0.202411081344/tools/bin/../lib/gcc/arm-none-eabi/13.3.1/thumb/v7-m/nofp/crtbegin.o
 *(.bss*)
 .bss.JumpAddress
                0x200000f8        0x4 ./Core/Src/main.o
                0x200000f8                JumpAddress
 .bss.JumpToApplication
                0x200000fc        0x4 ./Core/Src/main.o
                0x200000fc                JumpToApplication
 .bss.dfu_boot_flag
                0x20000100        0x4 ./Core/Src/main.o
                0x20000100                dfu_boot_flag
 .bss.uwTick    0x20000104        0x4 ./Drivers/STM32L1xx_HAL_Driver/Src/stm32l1xx_hal.o
                0x20000104                uwTick
 .bss.USBD_StrDesc.0
                0x20000108       0xff ./Middlewares/ST/STM32_USB_Device_Library/Class/DFU/Src/usbd_dfu.o
 .bss.cfgidx.0  0x20000207        0x1 ./Middlewares/ST/STM32_USB_Device_Library/Core/Src/usbd_ctlreq.o
 .bss.hUsbDeviceFS
                0x20000208      0x29c ./USB_DEVICE/App/usb_device.o
                0x20000208                hUsbDeviceFS
 .bss.USBD_StrDesc
                0x200004a4      0x200 ./USB_DEVICE/App/usbd_desc.o
                0x200004a4                USBD_StrDesc
 .bss.mem.0     0x200006a4      0x420 ./USB_DEVICE/Target/usbd_conf.o
 .bss.hpcd_USB_FS
                0x20000ac4      0x2d4 ./USB_DEVICE/Target/usbd_conf.o
                0x20000ac4                hpcd_USB_FS
 *(COMMON)
                0x20000d98                        . = ALIGN (0x4)
                0x20000d98                        _ebss = .
                0x20000d98                        __bss_end__ = _ebss

._user_heap_stack
                0x20000d98      0x600 load address 0x08003d84
                0x20000d98                        . = ALIGN (0x8)
                [!provide]                        PROVIDE (end = .)
                0x20000d98                        PROVIDE (_end = .)
                0x20000f98                        . = (. + _Min_Heap_Size)
 *fill*         0x20000d98      0x200 
                0x20001398                        . = (. + _Min_Stack_Size)
 *fill*         0x20000f98      0x400 
                0x20001398                        . = ALIGN (0x8)

/DISCARD/
 libc.a(*)
 libm.a(*)
 libgcc.a(*)

.ARM.attributes
                0x00000000       0x29
 *(.ARM.attributes)
 .ARM.attributes
                0x00000000       0x1d C:/ST/STM32CubeIDE_1.19.0/STM32CubeIDE/plugins/com.st.stm32cube.ide.mcu.externaltools.gnu-tools-for-stm32.13.3.rel1.win32_1.0.0.202411081344/tools/bin/../lib/gcc/arm-none-eabi/13.3.1/thumb/v7-m/nofp/crti.o
 .ARM.attributes
                0x0000001d       0x2d C:/ST/STM32CubeIDE_1.19.0/STM32CubeIDE/plugins/com.st.stm32cube.ide.mcu.externaltools.gnu-tools-for-stm32.13.3.rel1.win32_1.0.0.202411081344/tools/bin/../lib/gcc/arm-none-eabi/13.3.1/thumb/v7-m/nofp/crtbegin.o
 .ARM.attributes
                0x0000004a       0x2d ./Core/Src/main.o
 .ARM.attributes
                0x00000077       0x2d ./Core/Src/stm32l1xx_hal_msp.o
 .ARM.attributes
                0x000000a4       0x2d ./Core/Src/stm32l1xx_it.o
 .ARM.attributes
                0x000000d1       0x2d ./Core/Src/system_stm32l1xx.o
 .ARM.attributes
                0x000000fe       0x21 ./Core/Startup/startup_stm32l151cctx.o
 .ARM.attributes
                0x0000011f       0x2d ./Drivers/STM32L1xx_HAL_Driver/Src/stm32l1xx_hal.o
 .ARM.attributes
                0x0000014c       0x2d ./Drivers/STM32L1xx_HAL_Driver/Src/stm32l1xx_hal_cortex.o
 .ARM.attributes
                0x00000179       0x2d ./Drivers/STM32L1xx_HAL_Driver/Src/stm32l1xx_hal_gpio.o
 .ARM.attributes
                0x000001a6       0x2d ./Drivers/STM32L1xx_HAL_Driver/Src/stm32l1xx_hal_pcd.o
 .ARM.attributes
                0x000001d3       0x2d ./Drivers/STM32L1xx_HAL_Driver/Src/stm32l1xx_hal_pcd_ex.o
 .ARM.attributes
                0x00000200       0x2d ./Drivers/STM32L1xx_HAL_Driver/Src/stm32l1xx_hal_rcc.o
 .ARM.attributes
                0x0000022d       0x2d ./Drivers/STM32L1xx_HAL_Driver/Src/stm32l1xx_ll_usb.o
 .ARM.attributes
                0x0000025a       0x2d ./Middlewares/ST/STM32_USB_Device_Library/Class/DFU/Src/usbd_dfu.o
 .ARM.attributes
                0x00000287       0x2d ./Middlewares/ST/STM32_USB_Device_Library/Core/Src/usbd_core.o
 .ARM.attributes
                0x000002b4       0x2d ./Middlewares/ST/STM32_USB_Device_Library/Core/Src/usbd_ctlreq.o
 .ARM.attributes
                0x000002e1       0x2d ./Middlewares/ST/STM32_USB_Device_Library/Core/Src/usbd_ioreq.o
 .ARM.attributes
                0x0000030e       0x2d ./USB_DEVICE/App/usb_device.o
 .ARM.attributes
                0x0000033b       0x2d ./USB_DEVICE/App/usbd_desc.o
 .ARM.attributes
                0x00000368       0x2d ./USB_DEVICE/App/usbd_dfu_if.o
 .ARM.attributes
                0x00000395       0x2d ./USB_DEVICE/Target/usbd_conf.o
 .ARM.attributes
                0x000003c2       0x2d C:/ST/STM32CubeIDE_1.19.0/STM32CubeIDE/plugins/com.st.stm32cube.ide.mcu.externaltools.gnu-tools-for-stm32.13.3.rel1.win32_1.0.0.202411081344/tools/bin/../lib/gcc/arm-none-eabi/13.3.1/../../../../arm-none-eabi/lib/thumb/v7-m/nofp\libc_nano.a(libc_a-init.o)
 .ARM.attributes
                0x000003ef       0x17 C:/ST/STM32CubeIDE_1.19.0/STM32CubeIDE/plugins/com.st.stm32cube.ide.mcu.externaltools.gnu-tools-for-stm32.13.3.rel1.win32_1.0.0.202411081344/tools/bin/../lib/gcc/arm-none-eabi/13.3.1/../../../../arm-none-eabi/lib/thumb/v7-m/nofp\libc_nano.a(libc_a-strlen.o)
 .ARM.attributes
                0x00000406       0x1d C:/ST/STM32CubeIDE_1.19.0/STM32CubeIDE/plugins/com.st.stm32cube.ide.mcu.externaltools.gnu-tools-for-stm32.13.3.rel1.win32_1.0.0.202411081344/tools/bin/../lib/gcc/arm-none-eabi/13.3.1/thumb/v7-m/nofp\libgcc.a(_aeabi_uldivmod.o)
 .ARM.attributes
                0x00000423       0x2d C:/ST/STM32CubeIDE_1.19.0/STM32CubeIDE/plugins/com.st.stm32cube.ide.mcu.externaltools.gnu-tools-for-stm32.13.3.rel1.win32_1.0.0.202411081344/tools/bin/../lib/gcc/arm-none-eabi/13.3.1/thumb/v7-m/nofp\libgcc.a(_udivmoddi4.o)
 .ARM.attributes
                0x00000450       0x1d C:/ST/STM32CubeIDE_1.19.0/STM32CubeIDE/plugins/com.st.stm32cube.ide.mcu.externaltools.gnu-tools-for-stm32.13.3.rel1.win32_1.0.0.202411081344/tools/bin/../lib/gcc/arm-none-eabi/13.3.1/thumb/v7-m/nofp\libgcc.a(_dvmd_tls.o)
 .ARM.attributes
                0x0000046d       0x1d C:/ST/STM32CubeIDE_1.19.0/STM32CubeIDE/plugins/com.st.stm32cube.ide.mcu.externaltools.gnu-tools-for-stm32.13.3.rel1.win32_1.0.0.202411081344/tools/bin/../lib/gcc/arm-none-eabi/13.3.1/thumb/v7-m/nofp/crtn.o
OUTPUT(SparrowCompass_bootloader.elf elf32-littlearm)
LOAD linker stubs
LOAD C:/ST/STM32CubeIDE_1.19.0/STM32CubeIDE/plugins/com.st.stm32cube.ide.mcu.externaltools.gnu-tools-for-stm32.13.3.rel1.win32_1.0.0.202411081344/tools/bin/../lib/gcc/arm-none-eabi/13.3.1/../../../../arm-none-eabi/lib/thumb/v7-m/nofp\libc.a
LOAD C:/ST/STM32CubeIDE_1.19.0/STM32CubeIDE/plugins/com.st.stm32cube.ide.mcu.externaltools.gnu-tools-for-stm32.13.3.rel1.win32_1.0.0.202411081344/tools/bin/../lib/gcc/arm-none-eabi/13.3.1/../../../../arm-none-eabi/lib/thumb/v7-m/nofp\libm.a
LOAD C:/ST/STM32CubeIDE_1.19.0/STM32CubeIDE/plugins/com.st.stm32cube.ide.mcu.externaltools.gnu-tools-for-stm32.13.3.rel1.win32_1.0.0.202411081344/tools/bin/../lib/gcc/arm-none-eabi/13.3.1/thumb/v7-m/nofp\libgcc.a

.debug_info     0x00000000     0xe63f
 .debug_info    0x00000000      0x7ec ./Core/Src/main.o
 .debug_info    0x000007ec      0x1b0 ./Core/Src/stm32l1xx_hal_msp.o
 .debug_info    0x0000099c      0x5f8 ./Core/Src/stm32l1xx_it.o
 .debug_info    0x00000f94      0x295 ./Core/Src/system_stm32l1xx.o
 .debug_info    0x00001229       0x30 ./Core/Startup/startup_stm32l151cctx.o
 .debug_info    0x00001259      0x7d0 ./Drivers/STM32L1xx_HAL_Driver/Src/stm32l1xx_hal.o
 .debug_info    0x00001a29      0xf5c ./Drivers/STM32L1xx_HAL_Driver/Src/stm32l1xx_hal_cortex.o
 .debug_info    0x00002985      0x5de ./Drivers/STM32L1xx_HAL_Driver/Src/stm32l1xx_hal_gpio.o
 .debug_info    0x00002f63     0x1e5e ./Drivers/STM32L1xx_HAL_Driver/Src/stm32l1xx_hal_pcd.o
 .debug_info    0x00004dc1      0x6ae ./Drivers/STM32L1xx_HAL_Driver/Src/stm32l1xx_hal_pcd_ex.o
 .debug_info    0x0000546f      0xbd7 ./Drivers/STM32L1xx_HAL_Driver/Src/stm32l1xx_hal_rcc.o
 .debug_info    0x00006046     0x1b4e ./Drivers/STM32L1xx_HAL_Driver/Src/stm32l1xx_ll_usb.o
 .debug_info    0x00007b94     0x13d6 ./Middlewares/ST/STM32_USB_Device_Library/Class/DFU/Src/usbd_dfu.o
 .debug_info    0x00008f6a      0xe37 ./Middlewares/ST/STM32_USB_Device_Library/Core/Src/usbd_core.o
 .debug_info    0x00009da1      0xfbe ./Middlewares/ST/STM32_USB_Device_Library/Core/Src/usbd_ctlreq.o
 .debug_info    0x0000ad5f      0x864 ./Middlewares/ST/STM32_USB_Device_Library/Core/Src/usbd_ioreq.o
 .debug_info    0x0000b5c3      0x77b ./USB_DEVICE/App/usb_device.o
 .debug_info    0x0000bd3e      0x65d ./USB_DEVICE/App/usbd_desc.o
 .debug_info    0x0000c39b      0x319 ./USB_DEVICE/App/usbd_dfu_if.o
 .debug_info    0x0000c6b4     0x1f8b ./USB_DEVICE/Target/usbd_conf.o

.debug_abbrev   0x00000000     0x31ef
 .debug_abbrev  0x00000000      0x2cc ./Core/Src/main.o
 .debug_abbrev  0x000002cc       0xcf ./Core/Src/stm32l1xx_hal_msp.o
 .debug_abbrev  0x0000039b      0x1d5 ./Core/Src/stm32l1xx_it.o
 .debug_abbrev  0x00000570      0x122 ./Core/Src/system_stm32l1xx.o
 .debug_abbrev  0x00000692       0x24 ./Core/Startup/startup_stm32l151cctx.o
 .debug_abbrev  0x000006b6      0x2e9 ./Drivers/STM32L1xx_HAL_Driver/Src/stm32l1xx_hal.o
 .debug_abbrev  0x0000099f      0x385 ./Drivers/STM32L1xx_HAL_Driver/Src/stm32l1xx_hal_cortex.o
 .debug_abbrev  0x00000d24      0x202 ./Drivers/STM32L1xx_HAL_Driver/Src/stm32l1xx_hal_gpio.o
 .debug_abbrev  0x00000f26      0x41d ./Drivers/STM32L1xx_HAL_Driver/Src/stm32l1xx_hal_pcd.o
 .debug_abbrev  0x00001343      0x1d3 ./Drivers/STM32L1xx_HAL_Driver/Src/stm32l1xx_hal_pcd_ex.o
 .debug_abbrev  0x00001516      0x310 ./Drivers/STM32L1xx_HAL_Driver/Src/stm32l1xx_hal_rcc.o
 .debug_abbrev  0x00001826      0x397 ./Drivers/STM32L1xx_HAL_Driver/Src/stm32l1xx_ll_usb.o
 .debug_abbrev  0x00001bbd      0x478 ./Middlewares/ST/STM32_USB_Device_Library/Class/DFU/Src/usbd_dfu.o
 .debug_abbrev  0x00002035      0x306 ./Middlewares/ST/STM32_USB_Device_Library/Core/Src/usbd_core.o
 .debug_abbrev  0x0000233b      0x3ac ./Middlewares/ST/STM32_USB_Device_Library/Core/Src/usbd_ctlreq.o
 .debug_abbrev  0x000026e7      0x1b5 ./Middlewares/ST/STM32_USB_Device_Library/Core/Src/usbd_ioreq.o
 .debug_abbrev  0x0000289c      0x1bc ./USB_DEVICE/App/usb_device.o
 .debug_abbrev  0x00002a58      0x2b3 ./USB_DEVICE/App/usbd_desc.o
 .debug_abbrev  0x00002d0b      0x14f ./USB_DEVICE/App/usbd_dfu_if.o
 .debug_abbrev  0x00002e5a      0x395 ./USB_DEVICE/Target/usbd_conf.o

.debug_loclists
                0x00000000     0x61f2
 .debug_loclists
                0x00000000       0x17 ./Core/Src/main.o
 .debug_loclists
                0x00000017       0xe0 ./Core/Src/system_stm32l1xx.o
 .debug_loclists
                0x000000f7      0x15f ./Drivers/STM32L1xx_HAL_Driver/Src/stm32l1xx_hal.o
 .debug_loclists
                0x00000256      0x59a ./Drivers/STM32L1xx_HAL_Driver/Src/stm32l1xx_hal_cortex.o
 .debug_loclists
                0x000007f0      0x2f3 ./Drivers/STM32L1xx_HAL_Driver/Src/stm32l1xx_hal_gpio.o
 .debug_loclists
                0x00000ae3      0xf97 ./Drivers/STM32L1xx_HAL_Driver/Src/stm32l1xx_hal_pcd.o
 .debug_loclists
                0x00001a7a       0xa5 ./Drivers/STM32L1xx_HAL_Driver/Src/stm32l1xx_hal_pcd_ex.o
 .debug_loclists
                0x00001b1f      0x493 ./Drivers/STM32L1xx_HAL_Driver/Src/stm32l1xx_hal_rcc.o
 .debug_loclists
                0x00001fb2     0x1900 ./Drivers/STM32L1xx_HAL_Driver/Src/stm32l1xx_ll_usb.o
 .debug_loclists
                0x000038b2      0x9e5 ./Middlewares/ST/STM32_USB_Device_Library/Class/DFU/Src/usbd_dfu.o
 .debug_loclists
                0x00004297      0x658 ./Middlewares/ST/STM32_USB_Device_Library/Core/Src/usbd_core.o
 .debug_loclists
                0x000048ef      0xa49 ./Middlewares/ST/STM32_USB_Device_Library/Core/Src/usbd_ctlreq.o
 .debug_loclists
                0x00005338      0x214 ./Middlewares/ST/STM32_USB_Device_Library/Core/Src/usbd_ioreq.o
 .debug_loclists
                0x0000554c      0x2b8 ./USB_DEVICE/App/usbd_desc.o
 .debug_loclists
                0x00005804       0x80 ./USB_DEVICE/App/usbd_dfu_if.o
 .debug_loclists
                0x00005884      0x96e ./USB_DEVICE/Target/usbd_conf.o

.debug_aranges  0x00000000      0x950
 .debug_aranges
                0x00000000       0x30 ./Core/Src/main.o
 .debug_aranges
                0x00000030       0x20 ./Core/Src/stm32l1xx_hal_msp.o
 .debug_aranges
                0x00000050       0x68 ./Core/Src/stm32l1xx_it.o
 .debug_aranges
                0x000000b8       0x28 ./Core/Src/system_stm32l1xx.o
 .debug_aranges
                0x000000e0       0x28 ./Core/Startup/startup_stm32l151cctx.o
 .debug_aranges
                0x00000108       0xe0 ./Drivers/STM32L1xx_HAL_Driver/Src/stm32l1xx_hal.o
 .debug_aranges
                0x000001e8       0xb8 ./Drivers/STM32L1xx_HAL_Driver/Src/stm32l1xx_hal_cortex.o
 .debug_aranges
                0x000002a0       0x58 ./Drivers/STM32L1xx_HAL_Driver/Src/stm32l1xx_hal_gpio.o
 .debug_aranges
                0x000002f8      0x128 ./Drivers/STM32L1xx_HAL_Driver/Src/stm32l1xx_hal_pcd.o
 .debug_aranges
                0x00000420       0x38 ./Drivers/STM32L1xx_HAL_Driver/Src/stm32l1xx_hal_pcd_ex.o
 .debug_aranges
                0x00000458       0x90 ./Drivers/STM32L1xx_HAL_Driver/Src/stm32l1xx_hal_rcc.o
 .debug_aranges
                0x000004e8       0xc8 ./Drivers/STM32L1xx_HAL_Driver/Src/stm32l1xx_ll_usb.o
 .debug_aranges
                0x000005b0       0x88 ./Middlewares/ST/STM32_USB_Device_Library/Class/DFU/Src/usbd_dfu.o
 .debug_aranges
                0x00000638       0xb8 ./Middlewares/ST/STM32_USB_Device_Library/Core/Src/usbd_core.o
 .debug_aranges
                0x000006f0       0x48 ./Middlewares/ST/STM32_USB_Device_Library/Core/Src/usbd_ctlreq.o
 .debug_aranges
                0x00000738       0x50 ./Middlewares/ST/STM32_USB_Device_Library/Core/Src/usbd_ioreq.o
 .debug_aranges
                0x00000788       0x20 ./USB_DEVICE/App/usb_device.o
 .debug_aranges
                0x000007a8       0x50 ./USB_DEVICE/App/usbd_desc.o
 .debug_aranges
                0x000007f8       0x48 ./USB_DEVICE/App/usbd_dfu_if.o
 .debug_aranges
                0x00000840      0x110 ./USB_DEVICE/Target/usbd_conf.o

.debug_rnglists
                0x00000000      0xd06
 .debug_rnglists
                0x00000000       0x4a ./Core/Src/main.o
 .debug_rnglists
                0x0000004a       0x1f ./Core/Src/stm32l1xx_hal_msp.o
 .debug_rnglists
                0x00000069       0x49 ./Core/Src/stm32l1xx_it.o
 .debug_rnglists
                0x000000b2       0x19 ./Core/Src/system_stm32l1xx.o
 .debug_rnglists
                0x000000cb       0x19 ./Core/Startup/startup_stm32l151cctx.o
 .debug_rnglists
                0x000000e4       0xa3 ./Drivers/STM32L1xx_HAL_Driver/Src/stm32l1xx_hal.o
 .debug_rnglists
                0x00000187       0xfd ./Drivers/STM32L1xx_HAL_Driver/Src/stm32l1xx_hal_cortex.o
 .debug_rnglists
                0x00000284       0x54 ./Drivers/STM32L1xx_HAL_Driver/Src/stm32l1xx_hal_gpio.o
 .debug_rnglists
                0x000002d8      0x28b ./Drivers/STM32L1xx_HAL_Driver/Src/stm32l1xx_hal_pcd.o
 .debug_rnglists
                0x00000563       0x25 ./Drivers/STM32L1xx_HAL_Driver/Src/stm32l1xx_hal_pcd_ex.o
 .debug_rnglists
                0x00000588       0xcf ./Drivers/STM32L1xx_HAL_Driver/Src/stm32l1xx_hal_rcc.o
 .debug_rnglists
                0x00000657      0x2dd ./Drivers/STM32L1xx_HAL_Driver/Src/stm32l1xx_ll_usb.o
 .debug_rnglists
                0x00000934       0xe1 ./Middlewares/ST/STM32_USB_Device_Library/Class/DFU/Src/usbd_dfu.o
 .debug_rnglists
                0x00000a15       0x86 ./Middlewares/ST/STM32_USB_Device_Library/Core/Src/usbd_core.o
 .debug_rnglists
                0x00000a9b       0x9e ./Middlewares/ST/STM32_USB_Device_Library/Core/Src/usbd_ctlreq.o
 .debug_rnglists
                0x00000b39       0x37 ./Middlewares/ST/STM32_USB_Device_Library/Core/Src/usbd_ioreq.o
 .debug_rnglists
                0x00000b70       0x13 ./USB_DEVICE/App/usb_device.o
 .debug_rnglists
                0x00000b83       0x76 ./USB_DEVICE/App/usbd_desc.o
 .debug_rnglists
                0x00000bf9       0x31 ./USB_DEVICE/App/usbd_dfu_if.o
 .debug_rnglists
                0x00000c2a       0xdc ./USB_DEVICE/Target/usbd_conf.o

.debug_macro    0x00000000    0x171ef
 .debug_macro   0x00000000      0x32e ./Core/Src/main.o
 .debug_macro   0x0000032e      0xacc ./Core/Src/main.o
 .debug_macro   0x00000dfa      0x109 ./Core/Src/main.o
 .debug_macro   0x00000f03       0x2e ./Core/Src/main.o
 .debug_macro   0x00000f31       0x22 ./Core/Src/main.o
 .debug_macro   0x00000f53       0x22 ./Core/Src/main.o
 .debug_macro   0x00000f75       0x8e ./Core/Src/main.o
 .debug_macro   0x00001003       0x51 ./Core/Src/main.o
 .debug_macro   0x00001054      0x103 ./Core/Src/main.o
 .debug_macro   0x00001157       0x6a ./Core/Src/main.o
 .debug_macro   0x000011c1      0x1df ./Core/Src/main.o
 .debug_macro   0x000013a0       0x1c ./Core/Src/main.o
 .debug_macro   0x000013bc       0x22 ./Core/Src/main.o
 .debug_macro   0x000013de       0xbd ./Core/Src/main.o
 .debug_macro   0x0000149b      0xe49 ./Core/Src/main.o
 .debug_macro   0x000022e4      0x11f ./Core/Src/main.o
 .debug_macro   0x00002403     0xb17a ./Core/Src/main.o
 .debug_macro   0x0000d57d       0x6d ./Core/Src/main.o
 .debug_macro   0x0000d5ea     0x34e1 ./Core/Src/main.o
 .debug_macro   0x00010acb      0x190 ./Core/Src/main.o
 .debug_macro   0x00010c5b       0x5b ./Core/Src/main.o
 .debug_macro   0x00010cb6      0xe37 ./Core/Src/main.o
 .debug_macro   0x00011aed      0x1e2 ./Core/Src/main.o
 .debug_macro   0x00011ccf      0x1b8 ./Core/Src/main.o
 .debug_macro   0x00011e87       0xb3 ./Core/Src/main.o
 .debug_macro   0x00011f3a      0x21e ./Core/Src/main.o
 .debug_macro   0x00012158      0x236 ./Core/Src/main.o
 .debug_macro   0x0001238e      0x11c ./Core/Src/main.o
 .debug_macro   0x000124aa      0x56e ./Core/Src/main.o
 .debug_macro   0x00012a18      0x1e9 ./Core/Src/main.o
 .debug_macro   0x00012c01       0x22 ./Core/Src/main.o
 .debug_macro   0x00012c23       0x73 ./Core/Src/main.o
 .debug_macro   0x00012c96      0x242 ./Core/Src/main.o
 .debug_macro   0x00012ed8      0x162 ./Core/Src/main.o
 .debug_macro   0x0001303a      0x3ff ./Core/Src/main.o
 .debug_macro   0x00013439       0x10 ./Core/Src/main.o
 .debug_macro   0x00013449       0x61 ./Core/Src/main.o
 .debug_macro   0x000134aa       0x24 ./Core/Src/main.o
 .debug_macro   0x000134ce       0x43 ./Core/Src/main.o
 .debug_macro   0x00013511       0x34 ./Core/Src/main.o
 .debug_macro   0x00013545       0x16 ./Core/Src/main.o
 .debug_macro   0x0001355b       0x3c ./Core/Src/main.o
 .debug_macro   0x00013597      0x370 ./Core/Src/main.o
 .debug_macro   0x00013907       0x10 ./Core/Src/main.o
 .debug_macro   0x00013917       0x16 ./Core/Src/main.o
 .debug_macro   0x0001392d       0x4a ./Core/Src/main.o
 .debug_macro   0x00013977       0x34 ./Core/Src/main.o
 .debug_macro   0x000139ab       0x10 ./Core/Src/main.o
 .debug_macro   0x000139bb       0x58 ./Core/Src/main.o
 .debug_macro   0x00013a13       0x8e ./Core/Src/main.o
 .debug_macro   0x00013aa1       0x1c ./Core/Src/main.o
 .debug_macro   0x00013abd      0x185 ./Core/Src/main.o
 .debug_macro   0x00013c42       0x16 ./Core/Src/main.o
 .debug_macro   0x00013c58       0x16 ./Core/Src/main.o
 .debug_macro   0x00013c6e      0x146 ./Core/Src/main.o
 .debug_macro   0x00013db4       0x16 ./Core/Src/main.o
 .debug_macro   0x00013dca       0x16 ./Core/Src/main.o
 .debug_macro   0x00013de0       0x29 ./Core/Src/main.o
 .debug_macro   0x00013e09       0x16 ./Core/Src/main.o
 .debug_macro   0x00013e1f       0x20 ./Core/Src/main.o
 .debug_macro   0x00013e3f       0x72 ./Core/Src/main.o
 .debug_macro   0x00013eb1      0x1d0 ./Core/Src/main.o
 .debug_macro   0x00014081      0x1c4 ./Core/Src/stm32l1xx_hal_msp.o
 .debug_macro   0x00014245      0x1ce ./Core/Src/stm32l1xx_it.o
 .debug_macro   0x00014413      0x1b5 ./Core/Src/system_stm32l1xx.o
 .debug_macro   0x000145c8      0x1d9 ./Drivers/STM32L1xx_HAL_Driver/Src/stm32l1xx_hal.o
 .debug_macro   0x000147a1      0x1b5 ./Drivers/STM32L1xx_HAL_Driver/Src/stm32l1xx_hal_cortex.o
 .debug_macro   0x00014956      0x1bc ./Drivers/STM32L1xx_HAL_Driver/Src/stm32l1xx_hal_gpio.o
 .debug_macro   0x00014b12      0x1c1 ./Drivers/STM32L1xx_HAL_Driver/Src/stm32l1xx_hal_pcd.o
 .debug_macro   0x00014cd3      0x1b5 ./Drivers/STM32L1xx_HAL_Driver/Src/stm32l1xx_hal_pcd_ex.o
 .debug_macro   0x00014e88      0x1c7 ./Drivers/STM32L1xx_HAL_Driver/Src/stm32l1xx_hal_rcc.o
 .debug_macro   0x0001504f      0x1b5 ./Drivers/STM32L1xx_HAL_Driver/Src/stm32l1xx_ll_usb.o
 .debug_macro   0x00015204      0x353 ./Middlewares/ST/STM32_USB_Device_Library/Class/DFU/Src/usbd_dfu.o
 .debug_macro   0x00015557       0x9e ./Middlewares/ST/STM32_USB_Device_Library/Class/DFU/Src/usbd_dfu.o
 .debug_macro   0x000155f5      0x112 ./Middlewares/ST/STM32_USB_Device_Library/Class/DFU/Src/usbd_dfu.o
 .debug_macro   0x00015707       0x55 ./Middlewares/ST/STM32_USB_Device_Library/Class/DFU/Src/usbd_dfu.o
 .debug_macro   0x0001575c      0x10a ./Middlewares/ST/STM32_USB_Device_Library/Class/DFU/Src/usbd_dfu.o
 .debug_macro   0x00015866      0x33a ./Middlewares/ST/STM32_USB_Device_Library/Core/Src/usbd_core.o
 .debug_macro   0x00015ba0      0x1d6 ./Middlewares/ST/STM32_USB_Device_Library/Core/Src/usbd_core.o
 .debug_macro   0x00015d76      0x344 ./Middlewares/ST/STM32_USB_Device_Library/Core/Src/usbd_ctlreq.o
 .debug_macro   0x000160ba      0x340 ./Middlewares/ST/STM32_USB_Device_Library/Core/Src/usbd_ioreq.o
 .debug_macro   0x000163fa      0x374 ./USB_DEVICE/App/usb_device.o
 .debug_macro   0x0001676e       0x16 ./USB_DEVICE/App/usb_device.o
 .debug_macro   0x00016784       0x22 ./USB_DEVICE/App/usb_device.o
 .debug_macro   0x000167a6      0x377 ./USB_DEVICE/App/usbd_desc.o
 .debug_macro   0x00016b1d       0x1c ./USB_DEVICE/App/usbd_desc.o
 .debug_macro   0x00016b39      0x35f ./USB_DEVICE/App/usbd_dfu_if.o
 .debug_macro   0x00016e98      0x357 ./USB_DEVICE/Target/usbd_conf.o

.debug_line     0x00000000    0x108f4
 .debug_line    0x00000000      0xb55 ./Core/Src/main.o
 .debug_line    0x00000b55      0x745 ./Core/Src/stm32l1xx_hal_msp.o
 .debug_line    0x0000129a      0x7ff ./Core/Src/stm32l1xx_it.o
 .debug_line    0x00001a99      0x7d1 ./Core/Src/system_stm32l1xx.o
 .debug_line    0x0000226a       0x79 ./Core/Startup/startup_stm32l151cctx.o
 .debug_line    0x000022e3      0xab6 ./Drivers/STM32L1xx_HAL_Driver/Src/stm32l1xx_hal.o
 .debug_line    0x00002d99      0xd9e ./Drivers/STM32L1xx_HAL_Driver/Src/stm32l1xx_hal_cortex.o
 .debug_line    0x00003b37      0xb39 ./Drivers/STM32L1xx_HAL_Driver/Src/stm32l1xx_hal_gpio.o
 .debug_line    0x00004670     0x1e53 ./Drivers/STM32L1xx_HAL_Driver/Src/stm32l1xx_hal_pcd.o
 .debug_line    0x000064c3      0x7d5 ./Drivers/STM32L1xx_HAL_Driver/Src/stm32l1xx_hal_pcd_ex.o
 .debug_line    0x00006c98     0x152d ./Drivers/STM32L1xx_HAL_Driver/Src/stm32l1xx_hal_rcc.o
 .debug_line    0x000081c5     0x1bfd ./Drivers/STM32L1xx_HAL_Driver/Src/stm32l1xx_ll_usb.o
 .debug_line    0x00009dc2     0x1280 ./Middlewares/ST/STM32_USB_Device_Library/Class/DFU/Src/usbd_dfu.o
 .debug_line    0x0000b042      0xeb4 ./Middlewares/ST/STM32_USB_Device_Library/Core/Src/usbd_core.o
 .debug_line    0x0000bef6     0x1063 ./Middlewares/ST/STM32_USB_Device_Library/Core/Src/usbd_ctlreq.o
 .debug_line    0x0000cf59      0xa98 ./Middlewares/ST/STM32_USB_Device_Library/Core/Src/usbd_ioreq.o
 .debug_line    0x0000d9f1      0xa5f ./USB_DEVICE/App/usb_device.o
 .debug_line    0x0000e450      0xb5f ./USB_DEVICE/App/usbd_desc.o
 .debug_line    0x0000efaf      0xa42 ./USB_DEVICE/App/usbd_dfu_if.o
 .debug_line    0x0000f9f1      0xf03 ./USB_DEVICE/Target/usbd_conf.o

.debug_str      0x00000000    0x83d92
 .debug_str     0x00000000    0x83d92 ./Core/Src/main.o
                              0x810f1 (size before relaxing)
 .debug_str     0x00083d92    0x7cb0c ./Core/Src/stm32l1xx_hal_msp.o
 .debug_str     0x00083d92    0x7ced3 ./Core/Src/stm32l1xx_it.o
 .debug_str     0x00083d92    0x7cb46 ./Core/Src/system_stm32l1xx.o
 .debug_str     0x00083d92       0x9d ./Core/Startup/startup_stm32l151cctx.o
 .debug_str     0x00083d92    0x7d24f ./Drivers/STM32L1xx_HAL_Driver/Src/stm32l1xx_hal.o
 .debug_str     0x00083d92    0x7d35b ./Drivers/STM32L1xx_HAL_Driver/Src/stm32l1xx_hal_cortex.o
 .debug_str     0x00083d92    0x7ccd9 ./Drivers/STM32L1xx_HAL_Driver/Src/stm32l1xx_hal_gpio.o
 .debug_str     0x00083d92    0x7d39c ./Drivers/STM32L1xx_HAL_Driver/Src/stm32l1xx_hal_pcd.o
 .debug_str     0x00083d92    0x7cf73 ./Drivers/STM32L1xx_HAL_Driver/Src/stm32l1xx_hal_pcd_ex.o
 .debug_str     0x00083d92    0x7d007 ./Drivers/STM32L1xx_HAL_Driver/Src/stm32l1xx_hal_rcc.o
 .debug_str     0x00083d92    0x7cf0e ./Drivers/STM32L1xx_HAL_Driver/Src/stm32l1xx_ll_usb.o
 .debug_str     0x00083d92    0x81a9e ./Middlewares/ST/STM32_USB_Device_Library/Class/DFU/Src/usbd_dfu.o
 .debug_str     0x00083d92    0x81427 ./Middlewares/ST/STM32_USB_Device_Library/Core/Src/usbd_core.o
 .debug_str     0x00083d92    0x81359 ./Middlewares/ST/STM32_USB_Device_Library/Core/Src/usbd_ctlreq.o
 .debug_str     0x00083d92    0x8126e ./Middlewares/ST/STM32_USB_Device_Library/Core/Src/usbd_ioreq.o
 .debug_str     0x00083d92    0x817e4 ./USB_DEVICE/App/usb_device.o
 .debug_str     0x00083d92    0x8119c ./USB_DEVICE/App/usbd_desc.o
 .debug_str     0x00083d92    0x81415 ./USB_DEVICE/App/usbd_dfu_if.o
 .debug_str     0x00083d92    0x82345 ./USB_DEVICE/Target/usbd_conf.o

.comment        0x00000000       0x43
 .comment       0x00000000       0x43 ./Core/Src/main.o
                                 0x44 (size before relaxing)
 .comment       0x00000043       0x44 ./Core/Src/stm32l1xx_hal_msp.o
 .comment       0x00000043       0x44 ./Core/Src/stm32l1xx_it.o
 .comment       0x00000043       0x44 ./Core/Src/system_stm32l1xx.o
 .comment       0x00000043       0x44 ./Drivers/STM32L1xx_HAL_Driver/Src/stm32l1xx_hal.o
 .comment       0x00000043       0x44 ./Drivers/STM32L1xx_HAL_Driver/Src/stm32l1xx_hal_cortex.o
 .comment       0x00000043       0x44 ./Drivers/STM32L1xx_HAL_Driver/Src/stm32l1xx_hal_gpio.o
 .comment       0x00000043       0x44 ./Drivers/STM32L1xx_HAL_Driver/Src/stm32l1xx_hal_pcd.o
 .comment       0x00000043       0x44 ./Drivers/STM32L1xx_HAL_Driver/Src/stm32l1xx_hal_pcd_ex.o
 .comment       0x00000043       0x44 ./Drivers/STM32L1xx_HAL_Driver/Src/stm32l1xx_hal_rcc.o
 .comment       0x00000043       0x44 ./Drivers/STM32L1xx_HAL_Driver/Src/stm32l1xx_ll_usb.o
 .comment       0x00000043       0x44 ./Middlewares/ST/STM32_USB_Device_Library/Class/DFU/Src/usbd_dfu.o
 .comment       0x00000043       0x44 ./Middlewares/ST/STM32_USB_Device_Library/Core/Src/usbd_core.o
 .comment       0x00000043       0x44 ./Middlewares/ST/STM32_USB_Device_Library/Core/Src/usbd_ctlreq.o
 .comment       0x00000043       0x44 ./Middlewares/ST/STM32_USB_Device_Library/Core/Src/usbd_ioreq.o
 .comment       0x00000043       0x44 ./USB_DEVICE/App/usb_device.o
 .comment       0x00000043       0x44 ./USB_DEVICE/App/usbd_desc.o
 .comment       0x00000043       0x44 ./USB_DEVICE/App/usbd_dfu_if.o
 .comment       0x00000043       0x44 ./USB_DEVICE/Target/usbd_conf.o

.debug_frame    0x00000000     0x1524
 .debug_frame   0x00000000       0x5c ./Core/Src/main.o
 .debug_frame   0x0000005c       0x28 ./Core/Src/stm32l1xx_hal_msp.o
 .debug_frame   0x00000084       0xb0 ./Core/Src/stm32l1xx_it.o
 .debug_frame   0x00000134       0x30 ./Core/Src/system_stm32l1xx.o
 .debug_frame   0x00000164      0x1d4 ./Drivers/STM32L1xx_HAL_Driver/Src/stm32l1xx_hal.o
 .debug_frame   0x00000338      0x178 ./Drivers/STM32L1xx_HAL_Driver/Src/stm32l1xx_hal_cortex.o
 .debug_frame   0x000004b0       0xe4 ./Drivers/STM32L1xx_HAL_Driver/Src/stm32l1xx_hal_gpio.o
 .debug_frame   0x00000594      0x2e8 ./Drivers/STM32L1xx_HAL_Driver/Src/stm32l1xx_hal_pcd.o
 .debug_frame   0x0000087c       0x50 ./Drivers/STM32L1xx_HAL_Driver/Src/stm32l1xx_hal_pcd_ex.o
 .debug_frame   0x000008cc      0x1b0 ./Drivers/STM32L1xx_HAL_Driver/Src/stm32l1xx_hal_rcc.o
 .debug_frame   0x00000a7c      0x1e0 ./Drivers/STM32L1xx_HAL_Driver/Src/stm32l1xx_ll_usb.o
 .debug_frame   0x00000c5c      0x138 ./Middlewares/ST/STM32_USB_Device_Library/Class/DFU/Src/usbd_dfu.o
 .debug_frame   0x00000d94      0x1c0 ./Middlewares/ST/STM32_USB_Device_Library/Core/Src/usbd_core.o
 .debug_frame   0x00000f54       0xcc ./Middlewares/ST/STM32_USB_Device_Library/Core/Src/usbd_ctlreq.o
 .debug_frame   0x00001020       0xb0 ./Middlewares/ST/STM32_USB_Device_Library/Core/Src/usbd_ioreq.o
 .debug_frame   0x000010d0       0x2c ./USB_DEVICE/App/usb_device.o
 .debug_frame   0x000010fc       0xa8 ./USB_DEVICE/App/usbd_desc.o
 .debug_frame   0x000011a4       0x70 ./USB_DEVICE/App/usbd_dfu_if.o
 .debug_frame   0x00001214      0x284 ./USB_DEVICE/Target/usbd_conf.o
 .debug_frame   0x00001498       0x2c C:/ST/STM32CubeIDE_1.19.0/STM32CubeIDE/plugins/com.st.stm32cube.ide.mcu.externaltools.gnu-tools-for-stm32.13.3.rel1.win32_1.0.0.202411081344/tools/bin/../lib/gcc/arm-none-eabi/13.3.1/../../../../arm-none-eabi/lib/thumb/v7-m/nofp\libc_nano.a(libc_a-init.o)
 .debug_frame   0x000014c4       0x2c C:/ST/STM32CubeIDE_1.19.0/STM32CubeIDE/plugins/com.st.stm32cube.ide.mcu.externaltools.gnu-tools-for-stm32.13.3.rel1.win32_1.0.0.202411081344/tools/bin/../lib/gcc/arm-none-eabi/13.3.1/thumb/v7-m/nofp\libgcc.a(_aeabi_uldivmod.o)
 .debug_frame   0x000014f0       0x34 C:/ST/STM32CubeIDE_1.19.0/STM32CubeIDE/plugins/com.st.stm32cube.ide.mcu.externaltools.gnu-tools-for-stm32.13.3.rel1.win32_1.0.0.202411081344/tools/bin/../lib/gcc/arm-none-eabi/13.3.1/thumb/v7-m/nofp\libgcc.a(_udivmoddi4.o)

.debug_line_str
                0x00000000       0x81
 .debug_line_str
                0x00000000       0x81 ./Core/Startup/startup_stm32l151cctx.o
